<html>
<body>
<pre>
<h1>�Vision Build Log</h1>
<h2>Tool Versions:</h2>
IDE-Version: ��Vision V5.36.0.0
Copyright (C) 2021 ARM Ltd and ARM Germany GmbH. All rights reserved.
License Information: 1 Administrator, 2, LIC=47GU5-GMFDV-8T43P-ME1T8-MB3KA-EYED9
 
Tool Versions:
Toolchain:       MDK-ARM Plus  Version: 5.36.0.0
Toolchain Path:  E:\HAl\soft\MDK\Core\ARM\ARMCC\Bin
C Compiler:      Armcc.exe V5.06 update 7 (build 960)
Assembler:       Armasm.exe V5.06 update 7 (build 960)
Linker/Locator:  ArmLink.exe V5.06 update 7 (build 960)
Library Manager: ArmAr.exe V5.06 update 7 (build 960)
Hex Converter:   FromElf.exe V5.06 update 7 (build 960)
CPU DLL:         SARMCM3.DLL V5.36.0.0
Dialog DLL:      DCM.DLL V1.17.3.0
Target DLL:      STLink\ST-LINKIII-KEIL_SWO.dll V3.0.9.0
Dialog DLL:      TCM.DLL V1.53.0.0
 
<h2>Project:</h2>
E:\FreeRTOS\project\����FreeRTOS������С��1.0\Project.uvprojx
Project File Date:  08/10/2026

<h2>Output:</h2>
*** Using Compiler 'V5.06 update 7 (build 960)', folder: 'E:\HAl\soft\MDK\Core\ARM\ARMCC\Bin'
Build target 'Target 1'
compiling Timer.c...
.\Hardware\USART.h(24): warning:  #1-D: last line of file ends without a newline
  #endif
.\Hardware\Define_List.h(24): warning:  #1-D: last line of file ends without a newline
  #endif
System\Timer.c: 2 warnings, 0 errors
compiling FreeRTOS_Demo.c...
Hardware\USART.h(24): warning:  #1-D: last line of file ends without a newline
  #endif
Hardware\Define_List.h(24): warning:  #1-D: last line of file ends without a newline
  #endif
Hardware\FreeRTOS_Demo.c(157): warning:  #870-D: invalid multibyte character sequence
  							Serial_printf_DMA("从电脑发送数据到串口(接收Hex)�?%02X %02X %02X %02X\r\n", 
Hardware\FreeRTOS_Demo.c(186): warning:  #870-D: invalid multibyte character sequence
  							Serial_printf_DMA("从电脑发送数据到串口(接收String)�?%s\r\n", Serial_RxPackte_String);
Hardware\FreeRTOS_Demo.c(286): warning:  #1-D: last line of file ends without a newline
  }
Hardware\FreeRTOS_Demo.c: 5 warnings, 0 errors
compiling USART.c...
Hardware\Define_List.h(24): warning:  #1-D: last line of file ends without a newline
  #endif
Hardware\USART.c(129): warning:  #870-D: invalid multibyte character sequence
  		printf("DMA响应超时，请复位并检查中断配�?!\r\n");
Hardware\USART.c(246): warning:  #1-D: last line of file ends without a newline
  }
Hardware\USART.c: 3 warnings, 0 errors
compiling Timer_Action.c...
Hardware\USART.h(24): warning:  #1-D: last line of file ends without a newline
  #endif
Hardware\Define_List.h(24): warning:  #1-D: last line of file ends without a newline
  #endif
Hardware\Timer_Action.c(312): warning:  #1-D: last line of file ends without a newline
  }
Hardware\Timer_Action.c: 3 warnings, 0 errors
compiling main.c...
.\Hardware\USART.h(24): warning:  #1-D: last line of file ends without a newline
  #endif
User\main.c(39): warning:  #1-D: last line of file ends without a newline
  }
User\main.c: 2 warnings, 0 errors
compiling Define_List.c...
Hardware\Define_List.h(24): warning:  #1-D: last line of file ends without a newline
  #endif
Hardware\Define_List.c(20): warning:  #1-D: last line of file ends without a newline
  volatile uint8_t Step;					//行动步数，前进后退和转�?
Hardware\Define_List.c: 2 warnings, 0 errors
linking...
Program Size: Code=18356 RO-data=336 RW-data=172 ZI-data=18932  
".\Objects\Project.axf" - 0 Error(s), 17 Warning(s).

<h2>Software Packages used:</h2>

Package Vendor: Keil
                http://www.keil.com/pack/Keil.STM32F1xx_DFP.2.3.0.pack
                Keil.STM32F1xx_DFP.2.3.0
                STMicroelectronics STM32F1 Series Device Support, Drivers and Examples

<h2>Collection of Component include folders:</h2>
  E:\HAl\soft\MDK\Pack\Keil\STM32F1xx_DFP\2.3.0\Device\Include

<h2>Collection of Component Files used:</h2>
Build Time Elapsed:  00:00:01
</pre>
</body>
</html>
