Component: ARM Compiler 5.06 update 7 (build 960) Tool: armlink [4d3601]

==============================================================================

Section Cross References

    startup_stm32f10x_md.o(RESET) refers to startup_stm32f10x_md.o(STACK) for __initial_sp
    startup_stm32f10x_md.o(RESET) refers to startup_stm32f10x_md.o(.text) for Reset_Handler
    startup_stm32f10x_md.o(RESET) refers to stm32f10x_it.o(i.NMI_Handler) for NMI_Handler
    startup_stm32f10x_md.o(RESET) refers to stm32f10x_it.o(i.HardFault_Handler) for HardFault_Handler
    startup_stm32f10x_md.o(RESET) refers to stm32f10x_it.o(i.MemManage_Handler) for MemManage_Handler
    startup_stm32f10x_md.o(RESET) refers to stm32f10x_it.o(i.BusFault_Handler) for BusFault_Handler
    startup_stm32f10x_md.o(RESET) refers to stm32f10x_it.o(i.UsageFault_Handler) for UsageFault_Handler
    startup_stm32f10x_md.o(RESET) refers to port.o(.emb_text) for SVC_Handler
    startup_stm32f10x_md.o(RESET) refers to stm32f10x_it.o(i.DebugMon_Handler) for DebugMon_Handler
    startup_stm32f10x_md.o(RESET) refers to port.o(i.SysTick_Handler) for SysTick_Handler
    startup_stm32f10x_md.o(RESET) refers to usart.o(i.DMA1_Channel4_IRQHandler) for DMA1_Channel4_IRQHandler
    startup_stm32f10x_md.o(RESET) refers to usart.o(i.USART1_IRQHandler) for USART1_IRQHandler
    startup_stm32f10x_md.o(.text) refers to system_stm32f10x.o(i.SystemInit) for SystemInit
    startup_stm32f10x_md.o(.text) refers to entry.o(.ARM.Collect$$$$00000000) for __main
    system_stm32f10x.o(i.SetSysClock) refers to system_stm32f10x.o(i.SetSysClockTo72) for SetSysClockTo72
    system_stm32f10x.o(i.SystemCoreClockUpdate) refers to system_stm32f10x.o(.data) for SystemCoreClock
    system_stm32f10x.o(i.SystemInit) refers to system_stm32f10x.o(i.SetSysClock) for SetSysClock
    stm32f10x_adc.o(i.ADC_DeInit) refers to stm32f10x_rcc.o(i.RCC_APB2PeriphResetCmd) for RCC_APB2PeriphResetCmd
    stm32f10x_bkp.o(i.BKP_DeInit) refers to stm32f10x_rcc.o(i.RCC_BackupResetCmd) for RCC_BackupResetCmd
    stm32f10x_can.o(i.CAN_DeInit) refers to stm32f10x_rcc.o(i.RCC_APB1PeriphResetCmd) for RCC_APB1PeriphResetCmd
    stm32f10x_can.o(i.CAN_GetITStatus) refers to stm32f10x_can.o(i.CheckITStatus) for CheckITStatus
    stm32f10x_cec.o(i.CEC_DeInit) refers to stm32f10x_rcc.o(i.RCC_APB1PeriphResetCmd) for RCC_APB1PeriphResetCmd
    stm32f10x_dac.o(i.DAC_DeInit) refers to stm32f10x_rcc.o(i.RCC_APB1PeriphResetCmd) for RCC_APB1PeriphResetCmd
    stm32f10x_flash.o(i.FLASH_EnableWriteProtection) refers to stm32f10x_flash.o(i.FLASH_WaitForLastOperation) for FLASH_WaitForLastOperation
    stm32f10x_flash.o(i.FLASH_EraseAllBank1Pages) refers to stm32f10x_flash.o(i.FLASH_WaitForLastBank1Operation) for FLASH_WaitForLastBank1Operation
    stm32f10x_flash.o(i.FLASH_EraseAllPages) refers to stm32f10x_flash.o(i.FLASH_WaitForLastOperation) for FLASH_WaitForLastOperation
    stm32f10x_flash.o(i.FLASH_EraseOptionBytes) refers to stm32f10x_flash.o(i.FLASH_GetReadOutProtectionStatus) for FLASH_GetReadOutProtectionStatus
    stm32f10x_flash.o(i.FLASH_EraseOptionBytes) refers to stm32f10x_flash.o(i.FLASH_WaitForLastOperation) for FLASH_WaitForLastOperation
    stm32f10x_flash.o(i.FLASH_ErasePage) refers to stm32f10x_flash.o(i.FLASH_WaitForLastOperation) for FLASH_WaitForLastOperation
    stm32f10x_flash.o(i.FLASH_ProgramHalfWord) refers to stm32f10x_flash.o(i.FLASH_WaitForLastOperation) for FLASH_WaitForLastOperation
    stm32f10x_flash.o(i.FLASH_ProgramOptionByteData) refers to stm32f10x_flash.o(i.FLASH_WaitForLastOperation) for FLASH_WaitForLastOperation
    stm32f10x_flash.o(i.FLASH_ProgramWord) refers to stm32f10x_flash.o(i.FLASH_WaitForLastOperation) for FLASH_WaitForLastOperation
    stm32f10x_flash.o(i.FLASH_ReadOutProtection) refers to stm32f10x_flash.o(i.FLASH_WaitForLastOperation) for FLASH_WaitForLastOperation
    stm32f10x_flash.o(i.FLASH_UserOptionByteConfig) refers to stm32f10x_flash.o(i.FLASH_WaitForLastOperation) for FLASH_WaitForLastOperation
    stm32f10x_flash.o(i.FLASH_WaitForLastBank1Operation) refers to stm32f10x_flash.o(i.FLASH_GetBank1Status) for FLASH_GetBank1Status
    stm32f10x_flash.o(i.FLASH_WaitForLastOperation) refers to stm32f10x_flash.o(i.FLASH_GetBank1Status) for FLASH_GetBank1Status
    stm32f10x_gpio.o(i.GPIO_AFIODeInit) refers to stm32f10x_rcc.o(i.RCC_APB2PeriphResetCmd) for RCC_APB2PeriphResetCmd
    stm32f10x_gpio.o(i.GPIO_DeInit) refers to stm32f10x_rcc.o(i.RCC_APB2PeriphResetCmd) for RCC_APB2PeriphResetCmd
    stm32f10x_i2c.o(i.I2C_DeInit) refers to stm32f10x_rcc.o(i.RCC_APB1PeriphResetCmd) for RCC_APB1PeriphResetCmd
    stm32f10x_i2c.o(i.I2C_Init) refers to stm32f10x_rcc.o(i.RCC_GetClocksFreq) for RCC_GetClocksFreq
    stm32f10x_pwr.o(i.PWR_DeInit) refers to stm32f10x_rcc.o(i.RCC_APB1PeriphResetCmd) for RCC_APB1PeriphResetCmd
    stm32f10x_rcc.o(i.RCC_GetClocksFreq) refers to stm32f10x_rcc.o(.data) for APBAHBPrescTable
[...]
    Removing tasks.o(i.vTaskPlaceOnUnorderedEventList), (84 bytes).
    Removing tasks.o(i.vTaskPrioritySet), (320 bytes).
    Removing tasks.o(i.vTaskRemoveFromUnorderedEventList), (224 bytes).
    Removing tasks.o(i.vTaskResetState), (116 bytes).
    Removing tasks.o(i.vTaskResume), (188 bytes).
    Removing tasks.o(i.vTaskSetTimeOutState), (36 bytes).
    Removing tasks.o(i.vTaskSuspend), (220 bytes).
    Removing tasks.o(i.xTaskCatchUpTicks), (40 bytes).
    Removing tasks.o(i.xTaskDelayUntil), (116 bytes).
    Removing tasks.o(i.xTaskGenericNotify), (348 bytes).
    Removing tasks.o(i.xTaskGenericNotifyFromISR), (516 bytes).
    Removing tasks.o(i.xTaskGenericNotifyStateClear), (64 bytes).
    Removing tasks.o(i.xTaskGenericNotifyWait), (220 bytes).
    Removing tasks.o(i.xTaskGetCurrentTaskHandle), (12 bytes).
    Removing tasks.o(i.xTaskGetCurrentTaskHandleForCore), (32 bytes).
    Removing tasks.o(i.xTaskGetTickCount), (12 bytes).
    Removing tasks.o(i.xTaskGetTickCountFromISR), (12 bytes).
    Removing tasks.o(i.xTaskResumeFromISR), (220 bytes).

533 unused section(s) (total 25784 bytes) removed from the image.

==============================================================================

Image Symbol Table

    Local Symbols

    Symbol Name                              Value     Ov Type        Size  Object(Section)

    ../clib/microlib/division.c              0x00000000   Number         0  uldiv.o ABSOLUTE
    ../clib/microlib/division.c              0x00000000   Number         0  uidiv.o ABSOLUTE
    ../clib/microlib/init/entry.s            0x00000000   Number         0  entry12b.o ABSOLUTE
    ../clib/microlib/init/entry.s            0x00000000   Number         0  entry5.o ABSOLUTE
    ../clib/microlib/init/entry.s            0x00000000   Number         0  entry2.o ABSOLUTE
    ../clib/microlib/init/entry.s            0x00000000   Number         0  entry9b.o ABSOLUTE
    ../clib/microlib/init/entry.s            0x00000000   Number         0  entry10a.o ABSOLUTE
    ../clib/microlib/init/entry.s            0x00000000   Number         0  entry8a.o ABSOLUTE
    ../clib/microlib/init/entry.s            0x00000000   Number         0  entry.o ABSOLUTE
    ../clib/microlib/init/entry.s            0x00000000   Number         0  entry12a.o ABSOLUTE
    ../clib/microlib/init/entry.s            0x00000000   Number         0  entry8b.o ABSOLUTE
    ../clib/microlib/init/entry.s            0x00000000   Number         0  entry11b.o ABSOLUTE
    ../clib/microlib/init/entry.s            0x00000000   Number         0  entry11a.o ABSOLUTE
    ../clib/microlib/init/entry.s            0x00000000   Number         0  entry10b.o ABSOLUTE
    ../clib/microlib/init/entry.s            0x00000000   Number         0  entry9a.o ABSOLUTE
    ../clib/microlib/init/entry.s            0x00000000   Number         0  entry7b.o ABSOLUTE
    ../clib/microlib/init/entry.s            0x00000000   Number         0  entry7a.o ABSOLUTE
    ../clib/microlib/longlong.c              0x00000000   Number         0  llshl.o ABSOLUTE
    ../clib/microlib/longlong.c              0x00000000   Number         0  llushr.o ABSOLUTE
    ../clib/microlib/longlong.c              0x00000000   Number         0  llsshr.o ABSOLUTE
    ../clib/microlib/printf/printf.c         0x00000000   Number         0  printf8.o ABSOLUTE
    ../clib/microlib/printf/printf.c         0x00000000   Number         0  printf7.o ABSOLUTE
    ../clib/microlib/printf/printf.c         0x00000000   Number         0  printfb.o ABSOLUTE
    ../clib/microlib/printf/printf.c         0x00000000   Number         0  printf6.o ABSOLUTE
    ../clib/microlib/printf/printf.c         0x00000000   Number         0  printf5.o ABSOLUTE
    ../clib/microlib/printf/printf.c         0x00000000   Number         0  printf4.o ABSOLUTE
    ../clib/microlib/printf/printf.c         0x00000000   Number         0  printf3.o ABSOLUTE
    ../clib/microlib/printf/printf.c         0x00000000   Number         0  printfa.o ABSOLUTE
    ../clib/microlib/printf/printf.c         0x00000000   Number         0  printf0.o ABSOLUTE
    ../clib/microlib/printf/printf.c         0x00000000   Number         0  printf1.o ABSOLUTE
    ../clib/microlib/printf/printf.c         0x00000000   Number         0  printf2.o ABSOLUTE
    ../clib/microlib/stdio/streams.c         0x00000000   Number         0  stdout.o ABSOLUTE
    ../clib/microlib/string/memcpy.c         0x00000000   Number         0  memcpya.o ABSOLUTE
    ../clib/microlib/string/memcpy.c         0x00000000   Number         0  memcpyb.o ABSOLUTE
    ../clib/microlib/string/memset.c         0x00000000   Number         0  memseta.o ABSOLUTE
    ../clib/microlib/string/strlen.c         0x00000000   Number         0  strlen.o ABSOLUTE
    ../clib/microlib/stubs.s                 0x00000000   Number         0  iusefp.o ABSOLUTE
    ../fplib/microlib/fpadd.c                0x00000000   Number         0  dadd.o ABSOLUTE
    ../fplib/microlib/fpadd.c                0x00000000   Number         0  fadd.o ABSOLUTE
    ../fplib/microlib/fpdiv.c                0x00000000   Number         0  fdiv.o ABSOLUTE
    ../fplib/microlib/fpdiv.c                0x00000000   Number         0  ddiv.o ABSOLUTE
    ../fplib/microlib/fpepilogue.c           0x00000000   Number         0  depilogue.o ABSOLUTE
    ../fplib/microlib/fpepilogue.c           0x00000000   Number         0  fepilogue.o ABSOLUTE
    ../fplib/microlib/fpfix.c                0x00000000   Number         0  ffixui.o ABSOLUTE
    ../fplib/microlib/fpfix.c                0x00000000   Number         0  dfixul.o ABSOLUTE
    ../fplib/microlib/fpmul.c                0x00000000   Number         0  fmul.o ABSOLUTE
    ../fplib/microlib/fpmul.c                0x00000000   Number         0  dmul.o ABSOLUTE
    FreeRTOS\\port\\port.c                   0x00000000   Number         0  port.o ABSOLUTE
    FreeRTOS\port\heap_4.c                   0x00000000   Number         0  heap_4.o ABSOLUTE
    FreeRTOS\port\port.c                     0x00000000   Number         0  port.o ABSOLUTE
    FreeRTOS\src\croutine.c                  0x00000000   Number         0  croutine.o ABSOLUTE
    FreeRTOS\src\event_groups.c              0x00000000   Number         0  event_groups.o ABSOLUTE
    FreeRTOS\src\list.c                      0x00000000   Number         0  list.o ABSOLUTE
    FreeRTOS\src\queue.c                     0x00000000   Number         0  queue.o ABSOLUTE
    FreeRTOS\src\tasks.c                     0x00000000   Number         0  tasks.o ABSOLUTE
    FreeRTOS\src\timers.c                    0x00000000   Number         0  timers.o ABSOLUTE
    Hardware\Buzzer.c                        0x00000000   Number         0  buzzer.o ABSOLUTE
    Hardware\Define_List.c                   0x00000000   Number         0  define_list.o ABSOLUTE
    Hardware\FreeRTOS_Demo.c                 0x00000000   Number         0  freertos_demo.o ABSOLUTE
    Hardware\Key.c                           0x00000000   Number         0  key.o ABSOLUTE
    Hardware\LED.c                           0x00000000   Number         0  led.o ABSOLUTE
    Hardware\LightSensor.c                   0x00000000   Number         0  lightsensor.o ABSOLUTE
    Hardware\OLED.c                          0x00000000   Number         0  oled.o ABSOLUTE
    Hardware\Timer_Action.c                  0x00000000   Number         0  timer_action.o ABSOLUTE
    Hardware\USART.c                         0x00000000   Number         0  usart.o ABSOLUTE
    Library\misc.c                           0x00000000   Number         0  misc.o ABSOLUTE
    Library\stm32f10x_adc.c                  0x00000000   Number         0  stm32f10x_adc.o ABSOLUTE
    Library\stm32f10x_bkp.c                  0x00000000   Number         0  stm32f10x_bkp.o ABSOLUTE
    Library\stm32f10x_can.c                  0x00000000   Number         0  stm32f10x_can.o ABSOLUTE
    Library\stm32f10x_cec.c                  0x00000000   Number         0  stm32f10x_cec.o ABSOLUTE
    Library\stm32f10x_crc.c                  0x00000000   Number         0  stm32f10x_crc.o ABSOLUTE
    Library\stm32f10x_dac.c                  0x00000000   Number         0  stm32f10x_dac.o ABSOLUTE
    Library\stm32f10x_dbgmcu.c               0x00000000   Number         0  stm32f10x_dbgmcu.o ABSOLUTE
    Library\stm32f10x_dma.c                  0x00000000   Number         0  stm32f10x_dma.o ABSOLUTE
    Library\stm32f10x_exti.c                 0x00000000   Number         0  stm32f10x_exti.o ABSOLUTE
    Library\stm32f10x_flash.c                0x00000000   Number         0  stm32f10x_flash.o ABSOLUTE
    Library\stm32f10x_fsmc.c                 0x00000000   Number         0  stm32f10x_fsmc.o ABSOLUTE
    Library\stm32f10x_gpio.c                 0x00000000   Number         0  stm32f10x_gpio.o ABSOLUTE
    Library\stm32f10x_i2c.c                  0x00000000   Number         0  stm32f10x_i2c.o ABSOLUTE
    Library\stm32f10x_iwdg.c                 0x00000000   Number         0  stm32f10x_iwdg.o ABSOLUTE
    Library\stm32f10x_pwr.c                  0x00000000   Number         0  stm32f10x_pwr.o ABSOLUTE
    Library\stm32f10x_rcc.c                  0x00000000   Number         0  stm32f10x_rcc.o ABSOLUTE
    Library\stm32f10x_rtc.c                  0x00000000   Number         0  stm32f10x_rtc.o ABSOLUTE
    Library\stm32f10x_sdio.c                 0x00000000   Number         0  stm32f10x_sdio.o ABSOLUTE
    Library\stm32f10x_spi.c                  0x00000000   Number         0  stm32f10x_spi.o ABSOLUTE
    Library\stm32f10x_tim.c                  0x00000000   Number         0  stm32f10x_tim.o ABSOLUTE
    Library\stm32f10x_usart.c                0x00000000   Number         0  stm32f10x_usart.o ABSOLUTE
    Library\stm32f10x_wwdg.c                 0x00000000   Number         0  stm32f10x_wwdg.o ABSOLUTE
    Start\\core_cm3.c                        0x00000000   Number         0  core_cm3.o ABSOLUTE
    Start\core_cm3.c                         0x00000000   Number         0  core_cm3.o ABSOLUTE
    Start\startup_stm32f10x_md.s             0x00000000   Number         0  startup_stm32f10x_md.o ABSOLUTE
    Start\system_stm32f10x.c                 0x00000000   Number         0  system_stm32f10x.o ABSOLUTE
    System\Delay.c                           0x00000000   Number         0  delay.o ABSOLUTE
    System\Timer.c                           0x00000000   Number         0  timer.o ABSOLUTE
    User\main.c                              0x00000000   Number         0  main.o ABSOLUTE
    User\stm32f10x_it.c                      0x00000000   Number         0  stm32f10x_it.o ABSOLUTE
    cdrcmple.s                               0x00000000   Number         0  cdrcmple.o ABSOLUTE
    dc.s                                     0x00000000   Number         0  dc.o ABSOLUTE
    handlers.s                               0x00000000   Number         0  handlers.o ABSOLUTE
    init.s                                   0x00000000   Number         0  init.o ABSOLUTE
    RESET                                    0x08000000   Section      236  startup_stm32f10x_md.o(RESET)
    .ARM.Collect$$$$00000000                 0x080000ec   Section        0  entry.o(.ARM.Collect$$$$00000000)
    .ARM.Collect$$$$00000001                 0x080000ec   Section        4  entry2.o(.ARM.Collect$$$$00000001)
    .ARM.Collect$$$$00000004                 0x080000f0   Section        4  entry5.o(.ARM.Collect$$$$00000004)
    .ARM.Collect$$$$00000008                 0x080000f4   Section        0  entry7b.o(.ARM.Collect$$$$00000008)
    .ARM.Collect$$$$0000000A                 0x080000f4   Section        0  entry8b.o(.ARM.Collect$$$$0000000A)
    .ARM.Collect$$$$0000000B                 0x080000f4   Section        8  entry9a.o(.ARM.Collect$$$$0000000B)
    .ARM.Collect$$$$0000000E                 0x080000fc   Section        4  entry12b.o(.ARM.Collect$$$$0000000E)
    .ARM.Collect$$$$0000000F                 0x08000100   Section        0  entry10a.o(.ARM.Collect$$$$0000000F)
    .ARM.Collect$$$$00000011                 0x08000100   Section        0  entry11a.o(.ARM.Collect$$$$00000011)
    .ARM.Collect$$$$00002712                 0x08000100   Section        4  entry2.o(.ARM.Collect$$$$00002712)
    __lit__00000000                          0x08000100   Data           4  entry2.o(.ARM.Collect$$$$00002712)
    .emb_text                                0x08000104   Section      150  port.o(.emb_text)
    .text                                    0x0800019c   Section       36  startup_stm32f10x_md.o(.text)
    .text                                    0x080001c0   Section        0  memcpya.o(.text)
    .text                                    0x080001e4   Section        0  memseta.o(.text)
    .text                                    0x08000208   Section        0  strlen.o(.text)
    .text                                    0x08000216   Section        0  fadd.o(.text)
    .text                                    0x080002c6   Section        0  fmul.o(.text)
    .text                                    0x0800032a   Section        0  fdiv.o(.text)
    .text                                    0x080003a6   Section        0  ffixui.o(.text)
    .text                                    0x080003ce   Section        0  uidiv.o(.text)
    .text                                    0x080003fa   Section        0  uldiv.o(.text)
    .text                                    0x0800045c   Section        0  iusefp.o(.text)
    .text                                    0x0800045c   Section        0  fepilogue.o(.text)
    .text                                    0x080004ca   Section        0  dadd.o(.text)
    .text                                    0x08000618   Section        0  dmul.o(.text)
    .text                                    0x080006fc   Section        0  ddiv.o(.text)
    .text                                    0x080007da   Section        0  dfixul.o(.text)
    .text                                    0x0800080c   Section       48  cdrcmple.o(.text)
    .text                                    0x0800083c   Section       36  init.o(.text)
    .text                                    0x08000860   Section        0  llshl.o(.text)
    .text                                    0x0800087e   Section        0  llushr.o(.text)
    .text                                    0x0800089e   Section        0  llsshr.o(.text)
    .text                                    0x080008c2   Section        0  depilogue.o(.text)
    i.Action_Jump                            0x0800097c   Section        0  timer_action.o(i.Action_Jump)
    i.Action_Lay                             0x080009d8   Section        0  timer_action.o(i.Action_Lay)
    i.Action_LeftTurn                        0x08000a14   Section        0  timer_action.o(i.Action_LeftTurn)
    i.Action_RightTurn                       0x08000aa8   Section        0  timer_action.o(i.Action_RightTurn)
    i.Action_Sit                             0x08000b3c   Section        0  timer_action.o(i.Action_Sit)
    i.Action_Stand                           0x08000b7c   Section        0  timer_action.o(i.Action_Stand)
    i.BusFault_Handler                       0x08000bb4   Section        0  stm32f10x_it.o(i.BusFault_Handler)
    i.DMA1_Channel4_IRQHandler               0x08000bb8   Section        0  usart.o(i.DMA1_Channel4_IRQHandler)
    i.DMA_ClearITPendingBit                  0x08000c0c   Section        0  stm32f10x_dma.o(i.DMA_ClearITPendingBit)
    i.DMA_Cmd                                0x08000c28   Section        0  stm32f10x_dma.o(i.DMA_Cmd)
    i.DMA_DeInit                             0x08000c40   Section        0  stm32f10x_dma.o(i.DMA_DeInit)
    i.DMA_GetITStatus                        0x08000d8c   Section        0  stm32f10x_dma.o(i.DMA_GetITStatus)
    i.DMA_ITConfig                           0x08000db8   Section        0  stm32f10x_dma.o(i.DMA_ITConfig)
    i.DMA_Init                               0x08000dca   Section        0  stm32f10x_dma.o(i.DMA_Init)
    i.DebugMon_Handler                       0x08000e06   Section        0  stm32f10x_it.o(i.DebugMon_Handler)
    i.FreeRTOS_Demo                          0x08000e08   Section        0  freertos_demo.o(i.FreeRTOS_Demo)
    i.GPIO_Init                              0x08000e38   Section        0  stm32f10x_gpio.o(i.GPIO_Init)
    i.GPIO_SetBits                           0x08000f4e   Section        0  stm32f10x_gpio.o(i.GPIO_SetBits)
    i.GPIO_WriteBit                          0x08000f52   Section        0  stm32f10x_gpio.o(i.GPIO_WriteBit)
    i.HardFault_Handler                      0x08000f5c   Section        0  stm32f10x_it.o(i.HardFault_Handler)
    i.LED_Init                               0x08000f60   Section        0  led.o(i.LED_Init)
    i.MemManage_Handler                      0x08000f94   Section        0  stm32f10x_it.o(i.MemManage_Handler)
    i.Mode_Menu                              0x08000f98   Section        0  timer_action.o(i.Mode_Menu)
    i.Move_Back                              0x0800100c   Section        0  timer_action.o(i.Move_Back)
    i.Move_Forward                           0x080010f4   Section        0  timer_action.o(i.Move_Forward)
    i.NMI_Handler                            0x080011dc   Section        0  stm32f10x_it.o(i.NMI_Handler)
    i.NVIC_Init                              0x080011e0   Section        0  misc.o(i.NVIC_Init)
    i.NVIC_PriorityGroupConfig               0x08001250   Section        0  misc.o(i.NVIC_PriorityGroupConfig)
    i.OLED_Clear                             0x08001264   Section        0  oled.o(i.OLED_Clear)
    i.OLED_I2C_Init                          0x08001290   Section        0  oled.o(i.OLED_I2C_Init)
    i.OLED_I2C_SendByte                      0x080012e0   Section        0  oled.o(i.OLED_I2C_SendByte)
    i.OLED_I2C_Start                         0x0800133c   Section        0  oled.o(i.OLED_I2C_Start)
    i.OLED_I2C_Stop                          0x08001370   Section        0  oled.o(i.OLED_I2C_Stop)
    i.OLED_Init                              0x08001398   Section        0  oled.o(i.OLED_Init)
    i.OLED_SetCursor                         0x08001446   Section        0  oled.o(i.OLED_SetCursor)
    i.OLED_WriteCommand                      0x08001468   Section        0  oled.o(i.OLED_WriteCommand)
    i.OLED_WriteData                         0x08001488   Section        0  oled.o(i.OLED_WriteData)
    i.PWM_LB_SetCCR                          0x080014a8   Section        0  timer.o(i.PWM_LB_SetCCR)
    i.PWM_LF_SetCCR                          0x080014b8   Section        0  timer.o(i.PWM_LF_SetCCR)
    i.PWM_RB_SetCCR                          0x080014c8   Section        0  timer.o(i.PWM_RB_SetCCR)
    i.PWM_RF_SetCCR                          0x080014d8   Section        0  timer.o(i.PWM_RF_SetCCR)
    i.RCC_AHBPeriphClockCmd                  0x080014e8   Section        0  stm32f10x_rcc.o(i.RCC_AHBPeriphClockCmd)
    i.RCC_APB1PeriphClockCmd                 0x08001508   Section        0  stm32f10x_rcc.o(i.RCC_APB1PeriphClockCmd)
    i.RCC_APB2PeriphClockCmd                 0x08001528   Section        0  stm32f10x_rcc.o(i.RCC_APB2PeriphClockCmd)
    i.RCC_GetClocksFreq                      0x08001548   Section        0  stm32f10x_rcc.o(i.RCC_GetClocksFreq)
    i.Serial_GetRxFlag                       0x0800161c   Section        0  usart.o(i.Serial_GetRxFlag)
    i.Serial_Init                            0x08001638   Section        0  usart.o(i.Serial_Init)
    i.Serial_SendByte                        0x08001768   Section        0  usart.o(i.Serial_SendByte)
    i.Serial_printf_DMA                      0x08001788   Section        0  usart.o(i.Serial_printf_DMA)
    i.Serve_Angle_LB                         0x08001824   Section        0  timer.o(i.Serve_Angle_LB)
    i.Serve_Angle_LF                         0x08001860   Section        0  timer.o(i.Serve_Angle_LF)
    i.Serve_Angle_RB                         0x0800189c   Section        0  timer.o(i.Serve_Angle_RB)
    i.Serve_Angle_RF                         0x080018e0   Section        0  timer.o(i.Serve_Angle_RF)
    i.SetSysClock                            0x08001924   Section        0  system_stm32f10x.o(i.SetSysClock)
    SetSysClock                              0x08001925   Thumb Code     8  system_stm32f10x.o(i.SetSysClock)
    i.SetSysClockTo72                        0x0800192c   Section        0  system_stm32f10x.o(i.SetSysClockTo72)
    SetSysClockTo72                          0x0800192d   Thumb Code   214  system_stm32f10x.o(i.SetSysClockTo72)
    i.Start_Task                             0x08001a0c   Section        0  freertos_demo.o(i.Start_Task)
    i.SysTick_Handler                        0x08001b8c   Section        0  port.o(i.SysTick_Handler)
    i.SystemInit                             0x08001bc0   Section        0  system_stm32f10x.o(i.SystemInit)
    i.TIM_ClearFlag                          0x08001c20   Section        0  stm32f10x_tim.o(i.TIM_ClearFlag)
    i.TIM_Cmd                                0x08001c26   Section        0  stm32f10x_tim.o(i.TIM_Cmd)
    i.TIM_InternalClockConfig                0x08001c3e   Section        0  stm32f10x_tim.o(i.TIM_InternalClockConfig)
    i.TIM_OC1Init                            0x08001c4c   Section        0  stm32f10x_tim.o(i.TIM_OC1Init)
    i.TIM_OC2Init                            0x08001ce4   Section        0  stm32f10x_tim.o(i.TIM_OC2Init)
    i.TIM_OC3Init                            0x08001d88   Section        0  stm32f10x_tim.o(i.TIM_OC3Init)
    i.TIM_OC4Init                            0x08001e28   Section        0  stm32f10x_tim.o(i.TIM_OC4Init)
    i.TIM_SetCompare1                        0x08001ea4   Section        0  stm32f10x_tim.o(i.TIM_SetCompare1)
    i.TIM_SetCompare2                        0x08001ea8   Section        0  stm32f10x_tim.o(i.TIM_SetCompare2)
    i.TIM_SetCompare3                        0x08001eac   Section        0  stm32f10x_tim.o(i.TIM_SetCompare3)
    i.TIM_SetCompare4                        0x08001eb0   Section        0  stm32f10x_tim.o(i.TIM_SetCompare4)
    i.TIM_TimeBaseInit                       0x08001eb8   Section        0  stm32f10x_tim.o(i.TIM_TimeBaseInit)
    i.Task_ReceiveData                       0x08001f5c   Section        0  freertos_demo.o(i.Task_ReceiveData)
    i.Task_T_A                               0x080022b0   Section        0  freertos_demo.o(i.Task_T_A)
    i.Timer_Init                             0x080023fc   Section        0  timer.o(i.Timer_Init)
    i.USART1_IRQHandler                      0x080024bc   Section        0  usart.o(i.USART1_IRQHandler)
    i.USART_ClearITPendingBit                0x080024fc   Section        0  stm32f10x_usart.o(i.USART_ClearITPendingBit)
    i.USART_Cmd                              0x0800251a   Section        0  stm32f10x_usart.o(i.USART_Cmd)
    i.USART_DMACmd                           0x08002532   Section        0  stm32f10x_usart.o(i.USART_DMACmd)
    i.USART_GetFlagStatus                    0x08002544   Section        0  stm32f10x_usart.o(i.USART_GetFlagStatus)
    i.USART_GetITStatus                      0x0800255e   Section        0  stm32f10x_usart.o(i.USART_GetITStatus)
    i.USART_ITConfig                         0x080025b2   Section        0  stm32f10x_usart.o(i.USART_ITConfig)
    i.USART_Init                             0x080025fc   Section        0  stm32f10x_usart.o(i.USART_Init)
    i.USART_ReceiveData                      0x080026d4   Section        0  stm32f10x_usart.o(i.USART_ReceiveData)
    i.USART_SendData                         0x080026de   Section        0  stm32f10x_usart.o(i.USART_SendData)
    i.UsageFault_Handler                     0x080026e6   Section        0  stm32f10x_it.o(i.UsageFault_Handler)
    i.__0printf                              0x080026ec   Section        0  printfa.o(i.__0printf)
    i.__0vsprintf                            0x0800270c   Section        0  printfa.o(i.__0vsprintf)
    i.__scatterload_copy                     0x08002730   Section       14  handlers.o(i.__scatterload_copy)
    i.__scatterload_null                     0x0800273e   Section        2  handlers.o(i.__scatterload_null)
    i.__scatterload_zeroinit                 0x08002740   Section       14  handlers.o(i.__scatterload_zeroinit)
    i._fp_digits                             0x08002750   Section        0  printfa.o(i._fp_digits)
    _fp_digits                               0x08002751   Thumb Code   366  printfa.o(i._fp_digits)
    i._printf_core                           0x080028d4   Section        0  printfa.o(i._printf_core)
    _printf_core                             0x080028d5   Thumb Code  1704  printfa.o(i._printf_core)
    i._printf_post_padding                   0x08002f88   Section        0  printfa.o(i._printf_post_padding)
    _printf_post_padding                     0x08002f89   Thumb Code    36  printfa.o(i._printf_post_padding)
    i._printf_pre_padding                    0x08002fac   Section        0  printfa.o(i._printf_pre_padding)
    _printf_pre_padding                      0x08002fad   Thumb Code    46  printfa.o(i._printf_pre_padding)
    i._sputc                                 0x08002fda   Section        0  printfa.o(i._sputc)
    _sputc                                   0x08002fdb   Thumb Code    10  printfa.o(i._sputc)
    i.fputc                                  0x08002fe4   Section        0  usart.o(i.fputc)
    i.main                                   0x08002ff4   Section        0  main.o(i.main)
    i.prvAddCurrentTaskToDelayedList         0x08003018   Section        0  tasks.o(i.prvAddCurrentTaskToDelayedList)
    prvAddCurrentTaskToDelayedList           0x08003019   Thumb Code   174  tasks.o(i.prvAddCurrentTaskToDelayedList)
    i.prvAddNewTaskToReadyList               0x080030e4   Section        0  tasks.o(i.prvAddNewTaskToReadyList)
    prvAddNewTaskToReadyList                 0x080030e5   Thumb Code   212  tasks.o(i.prvAddNewTaskToReadyList)
    i.prvCheckTasksWaitingTermination        0x080031d4   Section        0  tasks.o(i.prvCheckTasksWaitingTermination)
    prvCheckTasksWaitingTermination          0x080031d5   Thumb Code    60  tasks.o(i.prvCheckTasksWaitingTermination)
    i.prvCopyDataFromQueue                   0x0800321c   Section        0  queue.o(i.prvCopyDataFromQueue)
    prvCopyDataFromQueue                     0x0800321d   Thumb Code    42  queue.o(i.prvCopyDataFromQueue)
    i.prvCopyDataToQueue                     0x08003246   Section        0  queue.o(i.prvCopyDataToQueue)
    prvCopyDataToQueue                       0x08003247   Thumb Code   126  queue.o(i.prvCopyDataToQueue)
    i.prvCreateIdleTasks                     0x080032c4   Section        0  tasks.o(i.prvCreateIdleTasks)
    prvCreateIdleTasks                       0x080032c5   Thumb Code   104  tasks.o(i.prvCreateIdleTasks)
    i.prvCreateTask                          0x0800333c   Section        0  tasks.o(i.prvCreateTask)
    prvCreateTask                            0x0800333d   Thumb Code    90  tasks.o(i.prvCreateTask)
    i.prvDeleteTCB                           0x08003396   Section        0  tasks.o(i.prvDeleteTCB)
    prvDeleteTCB                             0x08003397   Thumb Code    18  tasks.o(i.prvDeleteTCB)
    i.prvGetHighestPriorityOfWaitToReceiveList 0x080033a8   Section        0  queue.o(i.prvGetHighestPriorityOfWaitToReceiveList)
    prvGetHighestPriorityOfWaitToReceiveList 0x080033a9   Thumb Code    20  queue.o(i.prvGetHighestPriorityOfWaitToReceiveList)
    i.prvHeapInit                            0x080033bc   Section        0  heap_4.o(i.prvHeapInit)
    prvHeapInit                              0x080033bd   Thumb Code    88  heap_4.o(i.prvHeapInit)
    i.prvIdleTask                            0x08003428   Section        0  tasks.o(i.prvIdleTask)
    prvIdleTask                              0x08003429   Thumb Code    32  tasks.o(i.prvIdleTask)
    i.prvInitialiseMutex                     0x08003450   Section        0  queue.o(i.prvInitialiseMutex)
    prvInitialiseMutex                       0x08003451   Thumb Code    30  queue.o(i.prvInitialiseMutex)
    i.prvInitialiseNewQueue                  0x0800346e   Section        0  queue.o(i.prvInitialiseNewQueue)
    prvInitialiseNewQueue                    0x0800346f   Thumb Code    42  queue.o(i.prvInitialiseNewQueue)
    i.prvInitialiseNewTask                   0x08003498   Section        0  tasks.o(i.prvInitialiseNewTask)
    prvInitialiseNewTask                     0x08003499   Thumb Code   124  tasks.o(i.prvInitialiseNewTask)
    i.prvInitialiseTaskLists                 0x08003514   Section        0  tasks.o(i.prvInitialiseTaskLists)
    prvInitialiseTaskLists                   0x08003515   Thumb Code    70  tasks.o(i.prvInitialiseTaskLists)
    i.prvInsertBlockIntoFreeList             0x0800357c   Section        0  heap_4.o(i.prvInsertBlockIntoFreeList)
    prvInsertBlockIntoFreeList               0x0800357d   Thumb Code    96  heap_4.o(i.prvInsertBlockIntoFreeList)
    i.prvIsQueueEmpty                        0x080035e4   Section        0  queue.o(i.prvIsQueueEmpty)
    prvIsQueueEmpty                          0x080035e5   Thumb Code    26  queue.o(i.prvIsQueueEmpty)
    i.prvIsQueueFull                         0x080035fe   Section        0  queue.o(i.prvIsQueueFull)
    prvIsQueueFull                           0x080035ff   Thumb Code    30  queue.o(i.prvIsQueueFull)
    i.prvNotifyQueueSetContainer             0x0800361c   Section        0  queue.o(i.prvNotifyQueueSetContainer)
    prvNotifyQueueSetContainer               0x0800361d   Thumb Code    90  queue.o(i.prvNotifyQueueSetContainer)
    i.prvResetNextTaskUnblockTime            0x08003678   Section        0  tasks.o(i.prvResetNextTaskUnblockTime)
    prvResetNextTaskUnblockTime              0x08003679   Thumb Code    40  tasks.o(i.prvResetNextTaskUnblockTime)
    i.prvTaskExitError                       0x080036a8   Section        0  port.o(i.prvTaskExitError)
    prvTaskExitError                         0x080036a9   Thumb Code    22  port.o(i.prvTaskExitError)
    i.prvUnlockQueue                         0x080036be   Section        0  queue.o(i.prvUnlockQueue)
    prvUnlockQueue                           0x080036bf   Thumb Code   144  queue.o(i.prvUnlockQueue)
    i.pvPortMalloc                           0x08003750   Section        0  heap_4.o(i.pvPortMalloc)
    i.pvTaskIncrementMutexHeldCount          0x08003854   Section        0  tasks.o(i.pvTaskIncrementMutexHeldCount)
    i.pxPortInitialiseStack                  0x08003868   Section        0  port.o(i.pxPortInitialiseStack)
    i.uxListRemove                           0x0800388c   Section        0  list.o(i.uxListRemove)
    i.uxTaskGetNumberOfTasks                 0x080038b4   Section        0  tasks.o(i.uxTaskGetNumberOfTasks)
    i.vListInitialise                        0x080038c0   Section        0  list.o(i.vListInitialise)
    i.vListInitialiseItem                    0x080038da   Section        0  list.o(i.vListInitialiseItem)
    i.vListInsert                            0x080038e0   Section        0  list.o(i.vListInsert)
    i.vListInsertEnd                         0x08003914   Section        0  list.o(i.vListInsertEnd)
    i.vPortEnterCritical                     0x0800392c   Section        0  port.o(i.vPortEnterCritical)
    i.vPortExitCritical                      0x08003950   Section        0  port.o(i.vPortExitCritical)
    i.vPortFree                              0x08003970   Section        0  heap_4.o(i.vPortFree)
    i.vPortSetupTimerInterrupt               0x080039bc   Section        0  port.o(i.vPortSetupTimerInterrupt)
    i.vTaskDelay                             0x080039d4   Section        0  tasks.o(i.vTaskDelay)
    i.vTaskDelete                            0x08003a08   Section        0  tasks.o(i.vTaskDelete)
    i.vTaskInternalSetTimeOutState           0x08003af4   Section        0  tasks.o(i.vTaskInternalSetTimeOutState)
    i.vTaskMissedYield                       0x08003b0c   Section        0  tasks.o(i.vTaskMissedYield)
    i.vTaskPlaceOnEventList                  0x08003b18   Section        0  tasks.o(i.vTaskPlaceOnEventList)
    i.vTaskPriorityDisinheritAfterTimeout    0x08003b38   Section        0  tasks.o(i.vTaskPriorityDisinheritAfterTimeout)
    i.vTaskStartScheduler                    0x08003c10   Section        0  tasks.o(i.vTaskStartScheduler)
    i.vTaskSuspendAll                        0x08003c5c   Section        0  tasks.o(i.vTaskSuspendAll)
    i.vTaskSwitchContext                     0x08003c6c   Section        0  tasks.o(i.vTaskSwitchContext)
    i.xPortStartScheduler                    0x08003cd4   Section        0  port.o(i.xPortStartScheduler)
    i.xQueueCreateMutex                      0x08003d08   Section        0  queue.o(i.xQueueCreateMutex)
    i.xQueueGenericCreate                    0x08003d2a   Section        0  queue.o(i.xQueueGenericCreate)
    i.xQueueGenericReset                     0x08003d78   Section        0  queue.o(i.xQueueGenericReset)
    i.xQueueGenericSend                      0x08003e18   Section        0  queue.o(i.xQueueGenericSend)
    i.xQueueGiveFromISR                      0x08003f60   Section        0  queue.o(i.xQueueGiveFromISR)
    i.xQueueReceive                          0x08003ffc   Section        0  queue.o(i.xQueueReceive)
    i.xQueueSemaphoreTake                    0x08004100   Section        0  queue.o(i.xQueueSemaphoreTake)
    i.xTaskCheckForTimeOut                   0x08004230   Section        0  tasks.o(i.xTaskCheckForTimeOut)
    i.xTaskCreate                            0x08004290   Section        0  tasks.o(i.xTaskCreate)
    i.xTaskIncrementTick                     0x080042c8   Section        0  tasks.o(i.xTaskIncrementTick)
    i.xTaskPriorityDisinherit                0x08004468   Section        0  tasks.o(i.xTaskPriorityDisinherit)
    i.xTaskPriorityInherit                   0x0800451c   Section        0  tasks.o(i.xTaskPriorityInherit)
    i.xTaskRemoveFromEventList               0x08004610   Section        0  tasks.o(i.xTaskRemoveFromEventList)
    i.xTaskResumeAll                         0x08004728   Section        0  tasks.o(i.xTaskResumeAll)
    .conststring                             0x080048a0   Section       66  freertos_demo.o(.conststring)
    .data                                    0x20000000   Section       20  stm32f10x_rcc.o(.data)
    APBAHBPrescTable                         0x20000000   Data          16  stm32f10x_rcc.o(.data)
    ADCPrescTable                            0x20000010   Data           4  stm32f10x_rcc.o(.data)
    .data                                    0x20000014   Section       32  freertos_demo.o(.data)
    RxState                                  0x20000030   Data           2  freertos_demo.o(.data)
    pRxState                                 0x20000032   Data           2  freertos_demo.o(.data)
    .data                                    0x20000034   Section        4  usart.o(.data)
    .data                                    0x20000038   Section       14  define_list.o(.data)
    .data                                    0x20000048   Section       28  heap_4.o(.data)
    xStart                                   0x20000048   Data           8  heap_4.o(.data)
    pxEnd                                    0x20000050   Data           4  heap_4.o(.data)
    xFreeBytesRemaining                      0x20000054   Data           4  heap_4.o(.data)
    xMinimumEverFreeBytesRemaining           0x20000058   Data           4  heap_4.o(.data)
    xNumberOfSuccessfulAllocations           0x2000005c   Data           4  heap_4.o(.data)
    xNumberOfSuccessfulFrees                 0x20000060   Data           4  heap_4.o(.data)
    .data                                    0x20000064   Section        4  port.o(.data)
    uxCriticalNesting                        0x20000064   Data           4  port.o(.data)
    .data                                    0x20000068   Section       64  tasks.o(.data)
    pxDelayedTaskList                        0x2000006c   Data           4  tasks.o(.data)
    pxOverflowDelayedTaskList                0x20000070   Data           4  tasks.o(.data)
    uxDeletedTasksWaitingCleanUp             0x20000074   Data           4  tasks.o(.data)
    uxCurrentNumberOfTasks                   0x20000078   Data           4  tasks.o(.data)
    xTickCount                               0x2000007c   Data           4  tasks.o(.data)
    uxTopReadyPriority                       0x20000080   Data           4  tasks.o(.data)
    xSchedulerRunning                        0x20000084   Data           4  tasks.o(.data)
    xPendedTicks                             0x20000088   Data           4  tasks.o(.data)
    xYieldPendings                           0x2000008c   Data           4  tasks.o(.data)
    xNumOfOverflows                          0x20000090   Data           4  tasks.o(.data)
    uxTaskNumber                             0x20000094   Data           4  tasks.o(.data)
    xNextTaskUnblockTime                     0x20000098   Data           4  tasks.o(.data)
    xIdleTaskHandles                         0x2000009c   Data           4  tasks.o(.data)
    uxTopUsedPriority                        0x200000a0   Data           4  tasks.o(.data)
    uxSchedulerSuspended                     0x200000a4   Data           4  tasks.o(.data)
    .data                                    0x200000a8   Section        4  stdout.o(.data)
    .bss                                     0x200000ac   Section      200  usart.o(.bss)
    String                                   0x200000ac   Data         200  usart.o(.bss)
    .bss                                     0x20000174   Section      100  define_list.o(.bss)
    .bss                                     0x200001d8   Section    17408  heap_4.o(.bss)
    ucHeap                                   0x200001d8   Data       17408  heap_4.o(.bss)
    .bss                                     0x200045d8   Section      200  tasks.o(.bss)
    pxReadyTasksLists                        0x200045d8   Data         100  tasks.o(.bss)
    xDelayedTaskList1                        0x2000463c   Data          20  tasks.o(.bss)
    xDelayedTaskList2                        0x20004650   Data          20  tasks.o(.bss)
    xPendingReadyList                        0x20004664   Data          20  tasks.o(.bss)
    xTasksWaitingTermination                 0x20004678   Data          20  tasks.o(.bss)
    xSuspendedTaskList                       0x2000468c   Data          20  tasks.o(.bss)
    STACK                                    0x200046a0   Section     1024  startup_stm32f10x_md.o(STACK)

    Global Symbols

    Symbol Name                              Value     Ov Type        Size  Object(Section)

    BuildAttributes$$THM_ISAv4$P$D$K$B$S$PE$A:L22UL41UL21$X:L11$S22US41US21$IEEE1$IW$USESV6$~STKCKD$USESV7$~SHL$OTIME$ROPI$EBA8$MICROLIB$REQ8$PRES8$EABIv2 0x00000000   Number         0  anon$$obj.o ABSOLUTE
    __ARM_use_no_argv                        0x00000000   Number         0  main.o ABSOLUTE
    __arm_fini_                               - Undefined Weak Reference
    __cpp_initialize__aeabi_                  - Undefined Weak Reference
    __cxa_finalize                            - Undefined Weak Reference
    __decompress                              - Undefined Weak Reference
    _clock_init                               - Undefined Weak Reference
    _microlib_exit                            - Undefined Weak Reference
    __Vectors_Size                           0x000000ec   Number         0  startup_stm32f10x_md.o ABSOLUTE
    __Vectors                                0x08000000   Data           4  startup_stm32f10x_md.o(RESET)
    __Vectors_End                            0x080000ec   Data           0  startup_stm32f10x_md.o(RESET)
    __main                                   0x080000ed   Thumb Code     0  entry.o(.ARM.Collect$$$$00000000)
    _main_stk                                0x080000ed   Thumb Code     0  entry2.o(.ARM.Collect$$$$00000001)
    _main_scatterload                        0x080000f1   Thumb Code     0  entry5.o(.ARM.Collect$$$$00000004)
    __main_after_scatterload                 0x080000f5   Thumb Code     0  entry5.o(.ARM.Collect$$$$00000004)
    _main_clock                              0x080000f5   Thumb Code     0  entry7b.o(.ARM.Collect$$$$00000008)
    _main_cpp_init                           0x080000f5   Thumb Code     0  entry8b.o(.ARM.Collect$$$$0000000A)
    _main_init                               0x080000f5   Thumb Code     0  entry9a.o(.ARM.Collect$$$$0000000B)
    __rt_lib_shutdown_fini                   0x080000fd   Thumb Code     0  entry12b.o(.ARM.Collect$$$$0000000E)
    __rt_final_cpp                           0x08000101   Thumb Code     0  entry10a.o(.ARM.Collect$$$$0000000F)
    __rt_final_exit                          0x08000101   Thumb Code     0  entry11a.o(.ARM.Collect$$$$00000011)
    SVC_Handler                              0x08000105   Thumb Code    32  port.o(.emb_text)
    __asm___6_port_c_39a90d8d__prvStartFirstTask 0x08000129   Thumb Code    28  port.o(.emb_text)
    PendSV_Handler                           0x08000149   Thumb Code    72  port.o(.emb_text)
    vPortGetIPSR                             0x08000195   Thumb Code     6  port.o(.emb_text)
    Reset_Handler                            0x0800019d   Thumb Code     8  startup_stm32f10x_md.o(.text)
    ADC1_2_IRQHandler                        0x080001b7   Thumb Code     0  startup_stm32f10x_md.o(.text)
    CAN1_RX1_IRQHandler                      0x080001b7   Thumb Code     0  startup_stm32f10x_md.o(.text)
    CAN1_SCE_IRQHandler                      0x080001b7   Thumb Code     0  startup_stm32f10x_md.o(.text)
    DMA1_Channel1_IRQHandler                 0x080001b7   Thumb Code     0  startup_stm32f10x_md.o(.text)
    DMA1_Channel2_IRQHandler                 0x080001b7   Thumb Code     0  startup_stm32f10x_md.o(.text)
    DMA1_Channel3_IRQHandler                 0x080001b7   Thumb Code     0  startup_stm32f10x_md.o(.text)
    DMA1_Channel5_IRQHandler                 0x080001b7   Thumb Code     0  startup_stm32f10x_md.o(.text)
    DMA1_Channel6_IRQHandler                 0x080001b7   Thumb Code     0  startup_stm32f10x_md.o(.text)
    DMA1_Channel7_IRQHandler                 0x080001b7   Thumb Code     0  startup_stm32f10x_md.o(.text)
    EXTI0_IRQHandler                         0x080001b7   Thumb Code     0  startup_stm32f10x_md.o(.text)
    EXTI15_10_IRQHandler                     0x080001b7   Thumb Code     0  startup_stm32f10x_md.o(.text)
    EXTI1_IRQHandler                         0x080001b7   Thumb Code     0  startup_stm32f10x_md.o(.text)
    EXTI2_IRQHandler                         0x080001b7   Thumb Code     0  startup_stm32f10x_md.o(.text)
    EXTI3_IRQHandler                         0x080001b7   Thumb Code     0  startup_stm32f10x_md.o(.text)
    EXTI4_IRQHandler                         0x080001b7   Thumb Code     0  startup_stm32f10x_md.o(.text)
    EXTI9_5_IRQHandler                       0x080001b7   Thumb Code     0  startup_stm32f10x_md.o(.text)
    FLASH_IRQHandler                         0x080001b7   Thumb Code     0  startup_stm32f10x_md.o(.text)
    I2C1_ER_IRQHandler                       0x080001b7   Thumb Code     0  startup_stm32f10x_md.o(.text)
    I2C1_EV_IRQHandler                       0x080001b7   Thumb Code     0  startup_stm32f10x_md.o(.text)
    I2C2_ER_IRQHandler                       0x080001b7   Thumb Code     0  startup_stm32f10x_md.o(.text)
    I2C2_EV_IRQHandler                       0x080001b7   Thumb Code     0  startup_stm32f10x_md.o(.text)
    PVD_IRQHandler                           0x080001b7   Thumb Code     0  startup_stm32f10x_md.o(.text)
    RCC_IRQHandler                           0x080001b7   Thumb Code     0  startup_stm32f10x_md.o(.text)
    RTCAlarm_IRQHandler                      0x080001b7   Thumb Code     0  startup_stm32f10x_md.o(.text)
    RTC_IRQHandler                           0x080001b7   Thumb Code     0  startup_stm32f10x_md.o(.text)
    SPI1_IRQHandler                          0x080001b7   Thumb Code     0  startup_stm32f10x_md.o(.text)
    SPI2_IRQHandler                          0x080001b7   Thumb Code     0  startup_stm32f10x_md.o(.text)
    TAMPER_IRQHandler                        0x080001b7   Thumb Code     0  startup_stm32f10x_md.o(.text)
    TIM1_BRK_IRQHandler                      0x080001b7   Thumb Code     0  startup_stm32f10x_md.o(.text)
    TIM1_CC_IRQHandler                       0x080001b7   Thumb Code     0  startup_stm32f10x_md.o(.text)
    TIM1_TRG_COM_IRQHandler                  0x080001b7   Thumb Code     0  startup_stm32f10x_md.o(.text)
    TIM1_UP_IRQHandler                       0x080001b7   Thumb Code     0  startup_stm32f10x_md.o(.text)
    TIM2_IRQHandler                          0x080001b7   Thumb Code     0  startup_stm32f10x_md.o(.text)
    TIM3_IRQHandler                          0x080001b7   Thumb Code     0  startup_stm32f10x_md.o(.text)
    TIM4_IRQHandler                          0x080001b7   Thumb Code     0  startup_stm32f10x_md.o(.text)
    USART2_IRQHandler                        0x080001b7   Thumb Code     0  startup_stm32f10x_md.o(.text)
    USART3_IRQHandler                        0x080001b7   Thumb Code     0  startup_stm32f10x_md.o(.text)
    USBWakeUp_IRQHandler                     0x080001b7   Thumb Code     0  startup_stm32f10x_md.o(.text)
    USB_HP_CAN1_TX_IRQHandler                0x080001b7   Thumb Code     0  startup_stm32f10x_md.o(.text)
    USB_LP_CAN1_RX0_IRQHandler               0x080001b7   Thumb Code     0  startup_stm32f10x_md.o(.text)
    WWDG_IRQHandler                          0x080001b7   Thumb Code     0  startup_stm32f10x_md.o(.text)
    __aeabi_memcpy                           0x080001c1   Thumb Code    36  memcpya.o(.text)
    __aeabi_memcpy4                          0x080001c1   Thumb Code     0  memcpya.o(.text)
    __aeabi_memcpy8                          0x080001c1   Thumb Code     0  memcpya.o(.text)
    __aeabi_memset                           0x080001e5   Thumb Code    14  memseta.o(.text)
    __aeabi_memset4                          0x080001e5   Thumb Code     0  memseta.o(.text)
    __aeabi_memset8                          0x080001e5   Thumb Code     0  memseta.o(.text)
    __aeabi_memclr                           0x080001f3   Thumb Code     4  memseta.o(.text)
    __aeabi_memclr4                          0x080001f3   Thumb Code     0  memseta.o(.text)
    __aeabi_memclr8                          0x080001f3   Thumb Code     0  memseta.o(.text)
    _memset$wrapper                          0x080001f7   Thumb Code    18  memseta.o(.text)
    strlen                                   0x08000209   Thumb Code    14  strlen.o(.text)
    __aeabi_fadd                             0x08000217   Thumb Code   164  fadd.o(.text)
    __aeabi_fsub                             0x080002bb   Thumb Code     6  fadd.o(.text)
    __aeabi_frsub                            0x080002c1   Thumb Code     6  fadd.o(.text)
    __aeabi_fmul                             0x080002c7   Thumb Code   100  fmul.o(.text)
    __aeabi_fdiv                             0x0800032b   Thumb Code   124  fdiv.o(.text)
    __aeabi_f2uiz                            0x080003a7   Thumb Code    40  ffixui.o(.text)
    __aeabi_uidiv                            0x080003cf   Thumb Code     0  uidiv.o(.text)
    __aeabi_uidivmod                         0x080003cf   Thumb Code    44  uidiv.o(.text)
    __aeabi_uldivmod                         0x080003fb   Thumb Code    98  uldiv.o(.text)
    __I$use$fp                               0x0800045d   Thumb Code     0  iusefp.o(.text)
    _float_round                             0x0800045d   Thumb Code    18  fepilogue.o(.text)
    _float_epilogue                          0x0800046f   Thumb Code    92  fepilogue.o(.text)
    __aeabi_dadd                             0x080004cb   Thumb Code   322  dadd.o(.text)
    __aeabi_dsub                             0x0800060d   Thumb Code     6  dadd.o(.text)
    __aeabi_drsub                            0x08000613   Thumb Code     6  dadd.o(.text)
    __aeabi_dmul                             0x08000619   Thumb Code   228  dmul.o(.text)
    __aeabi_ddiv                             0x080006fd   Thumb Code   222  ddiv.o(.text)
    __aeabi_d2ulz                            0x080007db   Thumb Code    48  dfixul.o(.text)
    __aeabi_cdrcmple                         0x0800080d   Thumb Code    48  cdrcmple.o(.text)
    __scatterload                            0x0800083d   Thumb Code    28  init.o(.text)
    __scatterload_rt2                        0x0800083d   Thumb Code     0  init.o(.text)
    __aeabi_llsl                             0x08000861   Thumb Code    30  llshl.o(.text)
    _ll_shift_l                              0x08000861   Thumb Code     0  llshl.o(.text)
    __aeabi_llsr                             0x0800087f   Thumb Code    32  llushr.o(.text)
    _ll_ushift_r                             0x0800087f   Thumb Code     0  llushr.o(.text)
    __aeabi_lasr                             0x0800089f   Thumb Code    36  llsshr.o(.text)
    _ll_sshift_r                             0x0800089f   Thumb Code     0  llsshr.o(.text)
    _double_round                            0x080008c3   Thumb Code    30  depilogue.o(.text)
    _double_epilogue                         0x080008e1   Thumb Code   156  depilogue.o(.text)
    Action_Jump                              0x0800097d   Thumb Code    80  timer_action.o(i.Action_Jump)
    Action_Lay                               0x080009d9   Thumb Code    52  timer_action.o(i.Action_Lay)
    Action_LeftTurn                          0x08000a15   Thumb Code   128  timer_action.o(i.Action_LeftTurn)
    Action_RightTurn                         0x08000aa9   Thumb Code   128  timer_action.o(i.Action_RightTurn)
    Action_Sit                               0x08000b3d   Thumb Code    52  timer_action.o(i.Action_Sit)
    Action_Stand                             0x08000b7d   Thumb Code    44  timer_action.o(i.Action_Stand)
    BusFault_Handler                         0x08000bb5   Thumb Code     4  stm32f10x_it.o(i.BusFault_Handler)
    DMA1_Channel4_IRQHandler                 0x08000bb9   Thumb Code    70  usart.o(i.DMA1_Channel4_IRQHandler)
    DMA_ClearITPendingBit                    0x08000c0d   Thumb Code    18  stm32f10x_dma.o(i.DMA_ClearITPendingBit)
    DMA_Cmd                                  0x08000c29   Thumb Code    24  stm32f10x_dma.o(i.DMA_Cmd)
    DMA_DeInit                               0x08000c41   Thumb Code   324  stm32f10x_dma.o(i.DMA_DeInit)
    DMA_GetITStatus                          0x08000d8d   Thumb Code    36  stm32f10x_dma.o(i.DMA_GetITStatus)
    DMA_ITConfig                             0x08000db9   Thumb Code    18  stm32f10x_dma.o(i.DMA_ITConfig)
    DMA_Init                                 0x08000dcb   Thumb Code    60  stm32f10x_dma.o(i.DMA_Init)
    DebugMon_Handler                         0x08000e07   Thumb Code     2  stm32f10x_it.o(i.DebugMon_Handler)
    FreeRTOS_Demo                            0x08000e09   Thumb Code    28  freertos_demo.o(i.FreeRTOS_Demo)
    GPIO_Init                                0x08000e39   Thumb Code   278  stm32f10x_gpio.o(i.GPIO_Init)
    GPIO_SetBits                             0x08000f4f   Thumb Code     4  stm32f10x_gpio.o(i.GPIO_SetBits)
    GPIO_WriteBit                            0x08000f53   Thumb Code    10  stm32f10x_gpio.o(i.GPIO_WriteBit)
    HardFault_Handler                        0x08000f5d   Thumb Code     4  stm32f10x_it.o(i.HardFault_Handler)
    LED_Init                                 0x08000f61   Thumb Code    46  led.o(i.LED_Init)
    MemManage_Handler                        0x08000f95   Thumb Code     4  stm32f10x_it.o(i.MemManage_Handler)
    Mode_Menu                                0x08000f99   Thumb Code   112  timer_action.o(i.Mode_Menu)
    Move_Back                                0x0800100d   Thumb Code   210  timer_action.o(i.Move_Back)
    Move_Forward                             0x080010f5   Thumb Code   210  timer_action.o(i.Move_Forward)
    NMI_Handler                              0x080011dd   Thumb Code     2  stm32f10x_it.o(i.NMI_Handler)
    NVIC_Init                                0x080011e1   Thumb Code   100  misc.o(i.NVIC_Init)
    NVIC_PriorityGroupConfig                 0x08001251   Thumb Code    10  misc.o(i.NVIC_PriorityGroupConfig)
    OLED_Clear                               0x08001265   Thumb Code    42  oled.o(i.OLED_Clear)
    OLED_I2C_Init                            0x08001291   Thumb Code    76  oled.o(i.OLED_I2C_Init)
    OLED_I2C_SendByte                        0x080012e1   Thumb Code    88  oled.o(i.OLED_I2C_SendByte)
    OLED_I2C_Start                           0x0800133d   Thumb Code    48  oled.o(i.OLED_I2C_Start)
    OLED_I2C_Stop                            0x08001371   Thumb Code    36  oled.o(i.OLED_I2C_Stop)
    OLED_Init                                0x08001399   Thumb Code   174  oled.o(i.OLED_Init)
    OLED_SetCursor                           0x08001447   Thumb Code    34  oled.o(i.OLED_SetCursor)
    OLED_WriteCommand                        0x08001469   Thumb Code    32  oled.o(i.OLED_WriteCommand)
    OLED_WriteData                           0x08001489   Thumb Code    32  oled.o(i.OLED_WriteData)
    PWM_LB_SetCCR                            0x080014a9   Thumb Code    16  timer.o(i.PWM_LB_SetCCR)
    PWM_LF_SetCCR                            0x080014b9   Thumb Code    16  timer.o(i.PWM_LF_SetCCR)
    PWM_RB_SetCCR                            0x080014c9   Thumb Code    16  timer.o(i.PWM_RB_SetCCR)
    PWM_RF_SetCCR                            0x080014d9   Thumb Code    16  timer.o(i.PWM_RF_SetCCR)
    RCC_AHBPeriphClockCmd                    0x080014e9   Thumb Code    26  stm32f10x_rcc.o(i.RCC_AHBPeriphClockCmd)
    RCC_APB1PeriphClockCmd                   0x08001509   Thumb Code    26  stm32f10x_rcc.o(i.RCC_APB1PeriphClockCmd)
    RCC_APB2PeriphClockCmd                   0x08001529   Thumb Code    26  stm32f10x_rcc.o(i.RCC_APB2PeriphClockCmd)
    RCC_GetClocksFreq                        0x08001549   Thumb Code   192  stm32f10x_rcc.o(i.RCC_GetClocksFreq)
    Serial_GetRxFlag                         0x0800161d   Thumb Code    22  usart.o(i.Serial_GetRxFlag)
    Serial_Init                              0x08001639   Thumb Code   290  usart.o(i.Serial_Init)
    Serial_SendByte                          0x08001769   Thumb Code    28  usart.o(i.Serial_SendByte)
    Serial_printf_DMA                        0x08001789   Thumb Code    90  usart.o(i.Serial_printf_DMA)
    Serve_Angle_LB                           0x08001825   Thumb Code    48  timer.o(i.Serve_Angle_LB)
    Serve_Angle_LF                           0x08001861   Thumb Code    48  timer.o(i.Serve_Angle_LF)
    Serve_Angle_RB                           0x0800189d   Thumb Code    56  timer.o(i.Serve_Angle_RB)
    Serve_Angle_RF                           0x080018e1   Thumb Code    56  timer.o(i.Serve_Angle_RF)
    Start_Task                               0x08001a0d   Thumb Code   164  freertos_demo.o(i.Start_Task)
    SysTick_Handler                          0x08001b8d   Thumb Code    46  port.o(i.SysTick_Handler)
    SystemInit                               0x08001bc1   Thumb Code    78  system_stm32f10x.o(i.SystemInit)
    TIM_ClearFlag                            0x08001c21   Thumb Code     6  stm32f10x_tim.o(i.TIM_ClearFlag)
    TIM_Cmd                                  0x08001c27   Thumb Code    24  stm32f10x_tim.o(i.TIM_Cmd)
    TIM_InternalClockConfig                  0x08001c3f   Thumb Code    12  stm32f10x_tim.o(i.TIM_InternalClockConfig)
    TIM_OC1Init                              0x08001c4d   Thumb Code   132  stm32f10x_tim.o(i.TIM_OC1Init)
    TIM_OC2Init                              0x08001ce5   Thumb Code   154  stm32f10x_tim.o(i.TIM_OC2Init)
    TIM_OC3Init                              0x08001d89   Thumb Code   150  stm32f10x_tim.o(i.TIM_OC3Init)
    TIM_OC4Init                              0x08001e29   Thumb Code   114  stm32f10x_tim.o(i.TIM_OC4Init)
    TIM_SetCompare1                          0x08001ea5   Thumb Code     4  stm32f10x_tim.o(i.TIM_SetCompare1)
    TIM_SetCompare2                          0x08001ea9   Thumb Code     4  stm32f10x_tim.o(i.TIM_SetCompare2)
    TIM_SetCompare3                          0x08001ead   Thumb Code     4  stm32f10x_tim.o(i.TIM_SetCompare3)
    TIM_SetCompare4                          0x08001eb1   Thumb Code     6  stm32f10x_tim.o(i.TIM_SetCompare4)
    TIM_TimeBaseInit                         0x08001eb9   Thumb Code   122  stm32f10x_tim.o(i.TIM_TimeBaseInit)
    Task_ReceiveData                         0x08001f5d   Thumb Code   654  freertos_demo.o(i.Task_ReceiveData)
    Task_T_A                                 0x080022b1   Thumb Code   174  freertos_demo.o(i.Task_T_A)
    Timer_Init                               0x080023fd   Thumb Code   186  timer.o(i.Timer_Init)
    USART1_IRQHandler                        0x080024bd   Thumb Code    60  usart.o(i.USART1_IRQHandler)
    USART_ClearITPendingBit                  0x080024fd   Thumb Code    30  stm32f10x_usart.o(i.USART_ClearITPendingBit)
    USART_Cmd                                0x0800251b   Thumb Code    24  stm32f10x_usart.o(i.USART_Cmd)
    USART_DMACmd                             0x08002533   Thumb Code    18  stm32f10x_usart.o(i.USART_DMACmd)
    USART_GetFlagStatus                      0x08002545   Thumb Code    26  stm32f10x_usart.o(i.USART_GetFlagStatus)
    USART_GetITStatus                        0x0800255f   Thumb Code    84  stm32f10x_usart.o(i.USART_GetITStatus)
    USART_ITConfig                           0x080025b3   Thumb Code    74  stm32f10x_usart.o(i.USART_ITConfig)
    USART_Init                               0x080025fd   Thumb Code   210  stm32f10x_usart.o(i.USART_Init)
    USART_ReceiveData                        0x080026d5   Thumb Code    10  stm32f10x_usart.o(i.USART_ReceiveData)
    USART_SendData                           0x080026df   Thumb Code     8  stm32f10x_usart.o(i.USART_SendData)
    UsageFault_Handler                       0x080026e7   Thumb Code     4  stm32f10x_it.o(i.UsageFault_Handler)
    __0printf                                0x080026ed   Thumb Code    22  printfa.o(i.__0printf)
    __1printf                                0x080026ed   Thumb Code     0  printfa.o(i.__0printf)
    __2printf                                0x080026ed   Thumb Code     0  printfa.o(i.__0printf)
    __c89printf                              0x080026ed   Thumb Code     0  printfa.o(i.__0printf)
    printf                                   0x080026ed   Thumb Code     0  printfa.o(i.__0printf)
    __0vsprintf                              0x0800270d   Thumb Code    30  printfa.o(i.__0vsprintf)
    __1vsprintf                              0x0800270d   Thumb Code     0  printfa.o(i.__0vsprintf)
    __2vsprintf                              0x0800270d   Thumb Code     0  printfa.o(i.__0vsprintf)
    __c89vsprintf                            0x0800270d   Thumb Code     0  printfa.o(i.__0vsprintf)
    vsprintf                                 0x0800270d   Thumb Code     0  printfa.o(i.__0vsprintf)
    __scatterload_copy                       0x08002731   Thumb Code    14  handlers.o(i.__scatterload_copy)
    __scatterload_null                       0x0800273f   Thumb Code     2  handlers.o(i.__scatterload_null)
    __scatterload_zeroinit                   0x08002741   Thumb Code    14  handlers.o(i.__scatterload_zeroinit)
    fputc                                    0x08002fe5   Thumb Code    16  usart.o(i.fputc)
    main                                     0x08002ff5   Thumb Code    34  main.o(i.main)
    pvPortMalloc                             0x08003751   Thumb Code   240  heap_4.o(i.pvPortMalloc)
    pvTaskIncrementMutexHeldCount            0x08003855   Thumb Code    14  tasks.o(i.pvTaskIncrementMutexHeldCount)
    pxPortInitialiseStack                    0x08003869   Thumb Code    30  port.o(i.pxPortInitialiseStack)
    uxListRemove                             0x0800388d   Thumb Code    40  list.o(i.uxListRemove)
    uxTaskGetNumberOfTasks                   0x080038b5   Thumb Code     6  tasks.o(i.uxTaskGetNumberOfTasks)
    vListInitialise                          0x080038c1   Thumb Code    26  list.o(i.vListInitialise)
    vListInitialiseItem                      0x080038db   Thumb Code     6  list.o(i.vListInitialiseItem)
    vListInsert                              0x080038e1   Thumb Code    52  list.o(i.vListInsert)
    vListInsertEnd                           0x08003915   Thumb Code    24  list.o(i.vListInsertEnd)
    vPortEnterCritical                       0x0800392d   Thumb Code    30  port.o(i.vPortEnterCritical)
    vPortExitCritical                        0x08003951   Thumb Code    28  port.o(i.vPortExitCritical)
    vPortFree                                0x08003971   Thumb Code    68  heap_4.o(i.vPortFree)
    vPortSetupTimerInterrupt                 0x080039bd   Thumb Code    20  port.o(i.vPortSetupTimerInterrupt)
    vTaskDelay                               0x080039d5   Thumb Code    46  tasks.o(i.vTaskDelay)
    vTaskDelete                              0x08003a09   Thumb Code   198  tasks.o(i.vTaskDelete)
    vTaskInternalSetTimeOutState             0x08003af5   Thumb Code    14  tasks.o(i.vTaskInternalSetTimeOutState)
    vTaskMissedYield                         0x08003b0d   Thumb Code     8  tasks.o(i.vTaskMissedYield)
    vTaskPlaceOnEventList                    0x08003b19   Thumb Code    28  tasks.o(i.vTaskPlaceOnEventList)
    vTaskPriorityDisinheritAfterTimeout      0x08003b39   Thumb Code   208  tasks.o(i.vTaskPriorityDisinheritAfterTimeout)
    vTaskStartScheduler                      0x08003c11   Thumb Code    60  tasks.o(i.vTaskStartScheduler)
    vTaskSuspendAll                          0x08003c5d   Thumb Code    12  tasks.o(i.vTaskSuspendAll)
    vTaskSwitchContext                       0x08003c6d   Thumb Code    84  tasks.o(i.vTaskSwitchContext)
    xPortStartScheduler                      0x08003cd5   Thumb Code    42  port.o(i.xPortStartScheduler)
    xQueueCreateMutex                        0x08003d09   Thumb Code    34  queue.o(i.xQueueCreateMutex)
    xQueueGenericCreate                      0x08003d2b   Thumb Code    76  queue.o(i.xQueueGenericCreate)
    xQueueGenericReset                       0x08003d79   Thumb Code   156  queue.o(i.xQueueGenericReset)
    xQueueGenericSend                        0x08003e19   Thumb Code   322  queue.o(i.xQueueGenericSend)
    xQueueGiveFromISR                        0x08003f61   Thumb Code   154  queue.o(i.xQueueGiveFromISR)
    xQueueReceive                            0x08003ffd   Thumb Code   256  queue.o(i.xQueueReceive)
    xQueueSemaphoreTake                      0x08004101   Thumb Code   300  queue.o(i.xQueueSemaphoreTake)
    xTaskCheckForTimeOut                     0x08004231   Thumb Code    88  tasks.o(i.xTaskCheckForTimeOut)
    xTaskCreate                              0x08004291   Thumb Code    56  tasks.o(i.xTaskCreate)
    xTaskIncrementTick                       0x080042c9   Thumb Code   372  tasks.o(i.xTaskIncrementTick)
    xTaskPriorityDisinherit                  0x08004469   Thumb Code   170  tasks.o(i.xTaskPriorityDisinherit)
    xTaskPriorityInherit                     0x0800451d   Thumb Code   230  tasks.o(i.xTaskPriorityInherit)
    xTaskRemoveFromEventList                 0x08004611   Thumb Code   256  tasks.o(i.xTaskRemoveFromEventList)
    xTaskResumeAll                           0x08004729   Thumb Code   340  tasks.o(i.xTaskResumeAll)
    Region$$Table$$Base                      0x080048e4   Number         0  anon$$obj.o(Region$$Table)
    Region$$Table$$Limit                     0x08004904   Number         0  anon$$obj.o(Region$$Table)
    Start_Task_Handler                       0x20000014   Data           4  freertos_demo.o(.data)
    Task_R_Handler                           0x20000018   Data           4  freertos_demo.o(.data)
    Task_T_Handler                           0x2000001c   Data           4  freertos_demo.o(.data)
    Task_T_A_Handler                         0x20000020   Data           4  freertos_demo.o(.data)
    uart_raw_queue                           0x20000024   Data           4  freertos_demo.o(.data)
    print_mutex                              0x20000028   Data           4  freertos_demo.o(.data)
    Tim2_sem                                 0x2000002c   Data           4  freertos_demo.o(.data)
    Dma_Tx_Complete_Sem                      0x20000034   Data           4  usart.o(.data)
    Mode                                     0x20000038   Data           1  define_list.o(.data)
    Serial_RxPackte_Hex                      0x20000039   Data           4  define_list.o(.data)
    Serial_TxPackte_Hex                      0x2000003d   Data           4  define_list.o(.data)
    Serial_RxData_Hex                        0x20000041   Data           1  define_list.o(.data)
    Serial_RxP_Mode_Hex                      0x20000042   Data           1  define_list.o(.data)
    Serial_RxFlag                            0x20000043   Data           1  define_list.o(.data)
    Action_Mode                              0x20000044   Data           1  define_list.o(.data)
    Step                                     0x20000045   Data           1  define_list.o(.data)
    pxCurrentTCB                             0x20000068   Data           4  tasks.o(.data)
    __stdout                                 0x200000a8   Data           4  stdout.o(.data)
    Serial_RxPackte_String                   0x20000174   Data         100  define_list.o(.bss)
    __initial_sp                             0x20004aa0   Data           0  startup_stm32f10x_md.o(STACK)



==============================================================================

Memory Map of the image

  Image Entry point : 0x080000ed

  Load Region LR_IROM1 (Base: 0x08000000, Size: 0x000049b0, Max: 0x00010000, ABSOLUTE)

    Execution Region ER_IROM1 (Exec base: 0x08000000, Load base: 0x08000000, Size: 0x00004904, Max: 0x00010000, ABSOLUTE)

    Exec Addr    Load Addr    Size         Type   Attr      Idx    E Section Name        Object

    0x08000000   0x08000000   0x000000ec   Data   RO            3    RESET               startup_stm32f10x_md.o
    0x080000ec   0x080000ec   0x00000000   Code   RO         4819  * .ARM.Collect$$$$00000000  mc_w.l(entry.o)
    0x080000ec   0x080000ec   0x00000004   Code   RO         5098    .ARM.Collect$$$$00000001  mc_w.l(entry2.o)
    0x080000f0   0x080000f0   0x00000004   Code   RO         5101    .ARM.Collect$$$$00000004  mc_w.l(entry5.o)
    0x080000f4   0x080000f4   0x00000000   Code   RO         5103    .ARM.Collect$$$$00000008  mc_w.l(entry7b.o)
    0x080000f4   0x080000f4   0x00000000   Code   RO         5105    .ARM.Collect$$$$0000000A  mc_w.l(entry8b.o)
    0x080000f4   0x080000f4   0x00000008   Code   RO         5106    .ARM.Collect$$$$0000000B  mc_w.l(entry9a.o)
    0x080000fc   0x080000fc   0x00000004   Code   RO         5113    .ARM.Collect$$$$0000000E  mc_w.l(entry12b.o)
    0x08000100   0x08000100   0x00000000   Code   RO         5108    .ARM.Collect$$$$0000000F  mc_w.l(entry10a.o)
    0x08000100   0x08000100   0x00000000   Code   RO         5110    .ARM.Collect$$$$00000011  mc_w.l(entry11a.o)
    0x08000100   0x08000100   0x00000004   Code   RO         5099    .ARM.Collect$$$$00002712  mc_w.l(entry2.o)
    0x08000104   0x08000104   0x00000096   Code   RO         4057    .emb_text           port.o
    0x0800019a   0x0800019a   0x00000002   PAD
    0x0800019c   0x0800019c   0x00000024   Code   RO            4    .text               startup_stm32f10x_md.o
    0x080001c0   0x080001c0   0x00000024   Code   RO         4822    .text               mc_w.l(memcpya.o)
    0x080001e4   0x080001e4   0x00000024   Code   RO         4824    .text               mc_w.l(memseta.o)
    0x08000208   0x08000208   0x0000000e   Code   RO         4826    .text               mc_w.l(strlen.o)
    0x08000216   0x08000216   0x000000b0   Code   RO         5090    .text               mf_w.l(fadd.o)
    0x080002c6   0x080002c6   0x00000064   Code   RO         5092    .text               mf_w.l(fmul.o)
    0x0800032a   0x0800032a   0x0000007c   Code   RO         5094    .text               mf_w.l(fdiv.o)
    0x080003a6   0x080003a6   0x00000028   Code   RO         5096    .text               mf_w.l(ffixui.o)
    0x080003ce   0x080003ce   0x0000002c   Code   RO         5115    .text               mc_w.l(uidiv.o)
    0x080003fa   0x080003fa   0x00000062   Code   RO         5117    .text               mc_w.l(uldiv.o)
    0x0800045c   0x0800045c   0x00000000   Code   RO         5119    .text               mc_w.l(iusefp.o)
    0x0800045c   0x0800045c   0x0000006e   Code   RO         5120    .text               mf_w.l(fepilogue.o)
    0x080004ca   0x080004ca   0x0000014e   Code   RO         5122    .text               mf_w.l(dadd.o)
    0x08000618   0x08000618   0x000000e4   Code   RO         5124    .text               mf_w.l(dmul.o)
    0x080006fc   0x080006fc   0x000000de   Code   RO         5126    .text               mf_w.l(ddiv.o)
    0x080007da   0x080007da   0x00000030   Code   RO         5128    .text               mf_w.l(dfixul.o)
    0x0800080a   0x0800080a   0x00000002   PAD
    0x0800080c   0x0800080c   0x00000030   Code   RO         5130    .text               mf_w.l(cdrcmple.o)
    0x0800083c   0x0800083c   0x00000024   Code   RO         5132    .text               mc_w.l(init.o)
    0x08000860   0x08000860   0x0000001e   Code   RO         5134    .text               mc_w.l(llshl.o)
    0x0800087e   0x0800087e   0x00000020   Code   RO         5136    .text               mc_w.l(llushr.o)
    0x0800089e   0x0800089e   0x00000024   Code   RO         5138    .text               mc_w.l(llsshr.o)
    0x080008c2   0x080008c2   0x000000ba   Code   RO         5140    .text               mf_w.l(depilogue.o)
    0x0800097c   0x0800097c   0x0000005c   Code   RO         3816    i.Action_Jump       timer_action.o
    0x080009d8   0x080009d8   0x0000003c   Code   RO         3817    i.Action_Lay        timer_action.o
    0x08000a14   0x08000a14   0x00000094   Code   RO         3818    i.Action_LeftTurn   timer_action.o
    0x08000aa8   0x08000aa8   0x00000094   Code   RO         3819    i.Action_RightTurn  timer_action.o
    0x08000b3c   0x08000b3c   0x00000040   Code   RO         3820    i.Action_Sit        timer_action.o
    0x08000b7c   0x08000b7c   0x00000038   Code   RO         3821    i.Action_Stand      timer_action.o
    0x08000bb4   0x08000bb4   0x00000004   Code   RO         3924    i.BusFault_Handler  stm32f10x_it.o
    0x08000bb8   0x08000bb8   0x00000054   Code   RO         3716    i.DMA1_Channel4_IRQHandler  usart.o
    0x08000c0c   0x08000c0c   0x0000001c   Code   RO          910    i.DMA_ClearITPendingBit  stm32f10x_dma.o
    0x08000c28   0x08000c28   0x00000018   Code   RO          911    i.DMA_Cmd           stm32f10x_dma.o
    0x08000c40   0x08000c40   0x0000014c   Code   RO          912    i.DMA_DeInit        stm32f10x_dma.o
    0x08000d8c   0x08000d8c   0x0000002c   Code   RO          915    i.DMA_GetITStatus   stm32f10x_dma.o
    0x08000db8   0x08000db8   0x00000012   Code   RO          916    i.DMA_ITConfig      stm32f10x_dma.o
    0x08000dca   0x08000dca   0x0000003c   Code   RO          917    i.DMA_Init          stm32f10x_dma.o
    0x08000e06   0x08000e06   0x00000002   Code   RO         3925    i.DebugMon_Handler  stm32f10x_it.o
    0x08000e08   0x08000e08   0x00000030   Code   RO         3646    i.FreeRTOS_Demo     freertos_demo.o
    0x08000e38   0x08000e38   0x00000116   Code   RO         1347    i.GPIO_Init         stm32f10x_gpio.o
    0x08000f4e   0x08000f4e   0x00000004   Code   RO         1355    i.GPIO_SetBits      stm32f10x_gpio.o
    0x08000f52   0x08000f52   0x0000000a   Code   RO         1358    i.GPIO_WriteBit     stm32f10x_gpio.o
    0x08000f5c   0x08000f5c   0x00000004   Code   RO         3926    i.HardFault_Handler  stm32f10x_it.o
    0x08000f60   0x08000f60   0x00000034   Code   RO         3397    i.LED_Init          led.o
    0x08000f94   0x08000f94   0x00000004   Code   RO         3927    i.MemManage_Handler  stm32f10x_it.o
    0x08000f98   0x08000f98   0x00000074   Code   RO         3822    i.Mode_Menu         timer_action.o
    0x0800100c   0x0800100c   0x000000e8   Code   RO         3823    i.Move_Back         timer_action.o
    0x080010f4   0x080010f4   0x000000e8   Code   RO         3824    i.Move_Forward      timer_action.o
    0x080011dc   0x080011dc   0x00000002   Code   RO         3928    i.NMI_Handler       stm32f10x_it.o
    0x080011de   0x080011de   0x00000002   PAD
    0x080011e0   0x080011e0   0x00000070   Code   RO          137    i.NVIC_Init         misc.o
    0x08001250   0x08001250   0x00000014   Code   RO          138    i.NVIC_PriorityGroupConfig  misc.o
    0x08001264   0x08001264   0x0000002a   Code   RO         3538    i.OLED_Clear        oled.o
    0x0800128e   0x0800128e   0x00000002   PAD
    0x08001290   0x08001290   0x00000050   Code   RO         3539    i.OLED_I2C_Init     oled.o
    0x080012e0   0x080012e0   0x0000005c   Code   RO         3540    i.OLED_I2C_SendByte  oled.o
    0x0800133c   0x0800133c   0x00000034   Code   RO         3541    i.OLED_I2C_Start    oled.o
    0x08001370   0x08001370   0x00000028   Code   RO         3542    i.OLED_I2C_Stop     oled.o
    0x08001398   0x08001398   0x000000ae   Code   RO         3543    i.OLED_Init         oled.o
    0x08001446   0x08001446   0x00000022   Code   RO         3545    i.OLED_SetCursor    oled.o
    0x08001468   0x08001468   0x00000020   Code   RO         3552    i.OLED_WriteCommand  oled.o
    0x08001488   0x08001488   0x00000020   Code   RO         3553    i.OLED_WriteData    oled.o
    0x080014a8   0x080014a8   0x00000010   Code   RO         3199    i.PWM_LB_SetCCR     timer.o
    0x080014b8   0x080014b8   0x00000010   Code   RO         3200    i.PWM_LF_SetCCR     timer.o
    0x080014c8   0x080014c8   0x00000010   Code   RO         3201    i.PWM_RB_SetCCR     timer.o
    0x080014d8   0x080014d8   0x00000010   Code   RO         3202    i.PWM_RF_SetCCR     timer.o
    0x080014e8   0x080014e8   0x00000020   Code   RO         1774    i.RCC_AHBPeriphClockCmd  stm32f10x_rcc.o
    0x08001508   0x08001508   0x00000020   Code   RO         1775    i.RCC_APB1PeriphClockCmd  stm32f10x_rcc.o
    0x08001528   0x08001528   0x00000020   Code   RO         1777    i.RCC_APB2PeriphClockCmd  stm32f10x_rcc.o
    0x08001548   0x08001548   0x000000d4   Code   RO         1785    i.RCC_GetClocksFreq  stm32f10x_rcc.o
    0x0800161c   0x0800161c   0x0000001c   Code   RO         3717    i.Serial_GetRxFlag  usart.o
    0x08001638   0x08001638   0x00000130   Code   RO         3718    i.Serial_Init       usart.o
    0x08001768   0x08001768   0x00000020   Code   RO         3722    i.Serial_SendByte   usart.o
    0x08001788   0x08001788   0x0000009c   Code   RO         3725    i.Serial_printf_DMA  usart.o
    0x08001824   0x08001824   0x0000003c   Code   RO         3203    i.Serve_Angle_LB    timer.o
    0x08001860   0x08001860   0x0000003c   Code   RO         3204    i.Serve_Angle_LF    timer.o
    0x0800189c   0x0800189c   0x00000044   Code   RO         3205    i.Serve_Angle_RB    timer.o
    0x080018e0   0x080018e0   0x00000044   Code   RO         3206    i.Serve_Angle_RF    timer.o
    0x08001924   0x08001924   0x00000008   Code   RO           24    i.SetSysClock       system_stm32f10x.o
    0x0800192c   0x0800192c   0x000000e0   Code   RO           25    i.SetSysClockTo72   system_stm32f10x.o
    0x08001a0c   0x08001a0c   0x00000180   Code   RO         3647    i.Start_Task        freertos_demo.o
    0x08001b8c   0x08001b8c   0x00000034   Code   RO         4058    i.SysTick_Handler   port.o
    0x08001bc0   0x08001bc0   0x00000060   Code   RO           27    i.SystemInit        system_stm32f10x.o
    0x08001c20   0x08001c20   0x00000006   Code   RO         2415    i.TIM_ClearFlag     stm32f10x_tim.o
    0x08001c26   0x08001c26   0x00000018   Code   RO         2421    i.TIM_Cmd           stm32f10x_tim.o
    0x08001c3e   0x08001c3e   0x0000000c   Code   RO         2448    i.TIM_InternalClockConfig  stm32f10x_tim.o
    0x08001c4a   0x08001c4a   0x00000002   PAD
    0x08001c4c   0x08001c4c   0x00000098   Code   RO         2450    i.TIM_OC1Init       stm32f10x_tim.o
    0x08001ce4   0x08001ce4   0x000000a4   Code   RO         2455    i.TIM_OC2Init       stm32f10x_tim.o
    0x08001d88   0x08001d88   0x000000a0   Code   RO         2460    i.TIM_OC3Init       stm32f10x_tim.o
    0x08001e28   0x08001e28   0x0000007c   Code   RO         2465    i.TIM_OC4Init       stm32f10x_tim.o
    0x08001ea4   0x08001ea4   0x00000004   Code   RO         2482    i.TIM_SetCompare1   stm32f10x_tim.o
    0x08001ea8   0x08001ea8   0x00000004   Code   RO         2483    i.TIM_SetCompare2   stm32f10x_tim.o
    0x08001eac   0x08001eac   0x00000004   Code   RO         2484    i.TIM_SetCompare3   stm32f10x_tim.o
    0x08001eb0   0x08001eb0   0x00000006   Code   RO         2485    i.TIM_SetCompare4   stm32f10x_tim.o
    0x08001eb6   0x08001eb6   0x00000002   PAD
    0x08001eb8   0x08001eb8   0x000000a4   Code   RO         2492    i.TIM_TimeBaseInit  stm32f10x_tim.o
    0x08001f5c   0x08001f5c   0x00000354   Code   RO         3648    i.Task_ReceiveData  freertos_demo.o
    0x080022b0   0x080022b0   0x0000014c   Code   RO         3649    i.Task_T_A          freertos_demo.o
    0x080023fc   0x080023fc   0x000000c0   Code   RO         3207    i.Timer_Init        timer.o
    0x080024bc   0x080024bc   0x00000040   Code   RO         3726    i.USART1_IRQHandler  usart.o
    0x080024fc   0x080024fc   0x0000001e   Code   RO         2957    i.USART_ClearITPendingBit  stm32f10x_usart.o
    0x0800251a   0x0800251a   0x00000018   Code   RO         2960    i.USART_Cmd         stm32f10x_usart.o
    0x08002532   0x08002532   0x00000012   Code   RO         2961    i.USART_DMACmd      stm32f10x_usart.o
    0x08002544   0x08002544   0x0000001a   Code   RO         2963    i.USART_GetFlagStatus  stm32f10x_usart.o
    0x0800255e   0x0800255e   0x00000054   Code   RO         2964    i.USART_GetITStatus  stm32f10x_usart.o
    0x080025b2   0x080025b2   0x0000004a   Code   RO         2966    i.USART_ITConfig    stm32f10x_usart.o
    0x080025fc   0x080025fc   0x000000d8   Code   RO         2967    i.USART_Init        stm32f10x_usart.o
    0x080026d4   0x080026d4   0x0000000a   Code   RO         2974    i.USART_ReceiveData  stm32f10x_usart.o
    0x080026de   0x080026de   0x00000008   Code   RO         2977    i.USART_SendData    stm32f10x_usart.o
    0x080026e6   0x080026e6   0x00000004   Code   RO         3929    i.UsageFault_Handler  stm32f10x_it.o
    0x080026ea   0x080026ea   0x00000002   PAD
    0x080026ec   0x080026ec   0x00000020   Code   RO         5063    i.__0printf         mc_w.l(printfa.o)
    0x0800270c   0x0800270c   0x00000024   Code   RO         5069    i.__0vsprintf       mc_w.l(printfa.o)
    0x08002730   0x08002730   0x0000000e   Code   RO         5144    i.__scatterload_copy  mc_w.l(handlers.o)
    0x0800273e   0x0800273e   0x00000002   Code   RO         5145    i.__scatterload_null  mc_w.l(handlers.o)
    0x08002740   0x08002740   0x0000000e   Code   RO         5146    i.__scatterload_zeroinit  mc_w.l(handlers.o)
    0x0800274e   0x0800274e   0x00000002   PAD
    0x08002750   0x08002750   0x00000184   Code   RO         5070    i._fp_digits        mc_w.l(printfa.o)
    0x080028d4   0x080028d4   0x000006b4   Code   RO         5071    i._printf_core      mc_w.l(printfa.o)
    0x08002f88   0x08002f88   0x00000024   Code   RO         5072    i._printf_post_padding  mc_w.l(printfa.o)
    0x08002fac   0x08002fac   0x0000002e   Code   RO         5073    i._printf_pre_padding  mc_w.l(printfa.o)
    0x08002fda   0x08002fda   0x0000000a   Code   RO         5075    i._sputc            mc_w.l(printfa.o)
    0x08002fe4   0x08002fe4   0x00000010   Code   RO         3727    i.fputc             usart.o
    0x08002ff4   0x08002ff4   0x00000022   Code   RO         3900    i.main              main.o
    0x08003016   0x08003016   0x00000002   PAD
    0x08003018   0x08003018   0x000000cc   Code   RO         4455    i.prvAddCurrentTaskToDelayedList  tasks.o
    0x080030e4   0x080030e4   0x000000f0   Code   RO         4456    i.prvAddNewTaskToReadyList  tasks.o
    0x080031d4   0x080031d4   0x00000048   Code   RO         4457    i.prvCheckTasksWaitingTermination  tasks.o
    0x0800321c   0x0800321c   0x0000002a   Code   RO         4256    i.prvCopyDataFromQueue  queue.o
    0x08003246   0x08003246   0x0000007e   Code   RO         4257    i.prvCopyDataToQueue  queue.o
    0x080032c4   0x080032c4   0x00000078   Code   RO         4458    i.prvCreateIdleTasks  tasks.o
    0x0800333c   0x0800333c   0x0000005a   Code   RO         4459    i.prvCreateTask     tasks.o
    0x08003396   0x08003396   0x00000012   Code   RO         4460    i.prvDeleteTCB      tasks.o
    0x080033a8   0x080033a8   0x00000014   Code   RO         4258    i.prvGetHighestPriorityOfWaitToReceiveList  queue.o
    0x080033bc   0x080033bc   0x0000006c   Code   RO         3969    i.prvHeapInit       heap_4.o
    0x08003428   0x08003428   0x00000028   Code   RO         4461    i.prvIdleTask       tasks.o
    0x08003450   0x08003450   0x0000001e   Code   RO         4259    i.prvInitialiseMutex  queue.o
    0x0800346e   0x0800346e   0x0000002a   Code   RO         4260    i.prvInitialiseNewQueue  queue.o
    0x08003498   0x08003498   0x0000007c   Code   RO         4462    i.prvInitialiseNewTask  tasks.o
    0x08003514   0x08003514   0x00000068   Code   RO         4463    i.prvInitialiseTaskLists  tasks.o
    0x0800357c   0x0800357c   0x00000068   Code   RO         3970    i.prvInsertBlockIntoFreeList  heap_4.o
    0x080035e4   0x080035e4   0x0000001a   Code   RO         4261    i.prvIsQueueEmpty   queue.o
    0x080035fe   0x080035fe   0x0000001e   Code   RO         4262    i.prvIsQueueFull    queue.o
    0x0800361c   0x0800361c   0x0000005a   Code   RO         4263    i.prvNotifyQueueSetContainer  queue.o
    0x08003676   0x08003676   0x00000002   PAD
    0x08003678   0x08003678   0x00000030   Code   RO         4464    i.prvResetNextTaskUnblockTime  tasks.o
    0x080036a8   0x080036a8   0x00000016   Code   RO         4059    i.prvTaskExitError  port.o
    0x080036be   0x080036be   0x00000090   Code   RO         4264    i.prvUnlockQueue    queue.o
    0x0800374e   0x0800374e   0x00000002   PAD
    0x08003750   0x08003750   0x00000104   Code   RO         3972    i.pvPortMalloc      heap_4.o
    0x08003854   0x08003854   0x00000014   Code   RO         4466    i.pvTaskIncrementMutexHeldCount  tasks.o
    0x08003868   0x08003868   0x00000024   Code   RO         4060    i.pxPortInitialiseStack  port.o
    0x0800388c   0x0800388c   0x00000028   Code   RO         4220    i.uxListRemove      list.o
    0x080038b4   0x080038b4   0x0000000c   Code   RO         4471    i.uxTaskGetNumberOfTasks  tasks.o
    0x080038c0   0x080038c0   0x0000001a   Code   RO         4221    i.vListInitialise   list.o
    0x080038da   0x080038da   0x00000006   Code   RO         4222    i.vListInitialiseItem  list.o
    0x080038e0   0x080038e0   0x00000034   Code   RO         4223    i.vListInsert       list.o
    0x08003914   0x08003914   0x00000018   Code   RO         4224    i.vListInsertEnd    list.o
    0x0800392c   0x0800392c   0x00000024   Code   RO         4062    i.vPortEnterCritical  port.o
    0x08003950   0x08003950   0x00000020   Code   RO         4063    i.vPortExitCritical  port.o
    0x08003970   0x08003970   0x0000004c   Code   RO         3973    i.vPortFree         heap_4.o
    0x080039bc   0x080039bc   0x00000018   Code   RO         4064    i.vPortSetupTimerInterrupt  port.o
    0x080039d4   0x080039d4   0x00000034   Code   RO         4475    i.vTaskDelay        tasks.o
    0x08003a08   0x08003a08   0x000000ec   Code   RO         4476    i.vTaskDelete       tasks.o
    0x08003af4   0x08003af4   0x00000018   Code   RO         4479    i.vTaskInternalSetTimeOutState  tasks.o
    0x08003b0c   0x08003b0c   0x0000000c   Code   RO         4480    i.vTaskMissedYield  tasks.o
    0x08003b18   0x08003b18   0x00000020   Code   RO         4481    i.vTaskPlaceOnEventList  tasks.o
    0x08003b38   0x08003b38   0x000000d8   Code   RO         4483    i.vTaskPriorityDisinheritAfterTimeout  tasks.o
    0x08003c10   0x08003c10   0x0000004c   Code   RO         4489    i.vTaskStartScheduler  tasks.o
    0x08003c5c   0x08003c5c   0x00000010   Code   RO         4491    i.vTaskSuspendAll   tasks.o
    0x08003c6c   0x08003c6c   0x00000068   Code   RO         4492    i.vTaskSwitchContext  tasks.o
    0x08003cd4   0x08003cd4   0x00000034   Code   RO         4065    i.xPortStartScheduler  port.o
    0x08003d08   0x08003d08   0x00000022   Code   RO         4272    i.xQueueCreateMutex  queue.o
    0x08003d2a   0x08003d2a   0x0000004c   Code   RO         4274    i.xQueueGenericCreate  queue.o
    0x08003d76   0x08003d76   0x00000002   PAD
    0x08003d78   0x08003d78   0x000000a0   Code   RO         4275    i.xQueueGenericReset  queue.o
    0x08003e18   0x08003e18   0x00000148   Code   RO         4276    i.xQueueGenericSend  queue.o
    0x08003f60   0x08003f60   0x0000009a   Code   RO         4278    i.xQueueGiveFromISR  queue.o
    0x08003ffa   0x08003ffa   0x00000002   PAD
    0x08003ffc   0x08003ffc   0x00000104   Code   RO         4283    i.xQueueReceive     queue.o
    0x08004100   0x08004100   0x00000130   Code   RO         4288    i.xQueueSemaphoreTake  queue.o
    0x08004230   0x08004230   0x00000060   Code   RO         4494    i.xTaskCheckForTimeOut  tasks.o
    0x08004290   0x08004290   0x00000038   Code   RO         4495    i.xTaskCreate       tasks.o
    0x080042c8   0x080042c8   0x000001a0   Code   RO         4505    i.xTaskIncrementTick  tasks.o
    0x08004468   0x08004468   0x000000b4   Code   RO         4506    i.xTaskPriorityDisinherit  tasks.o
    0x0800451c   0x0800451c   0x000000f4   Code   RO         4507    i.xTaskPriorityInherit  tasks.o
    0x08004610   0x08004610   0x00000118   Code   RO         4508    i.xTaskRemoveFromEventList  tasks.o
    0x08004728   0x08004728   0x00000178   Code   RO         4509    i.xTaskResumeAll    tasks.o
    0x080048a0   0x080048a0   0x00000042   Data   RO         3651    .conststring        freertos_demo.o
    0x080048e2   0x080048e2   0x00000002   PAD
    0x080048e4   0x080048e4   0x00000020   Data   RO         5142    Region$$Table       anon$$obj.o


    Execution Region RW_IRAM1 (Exec base: 0x20000000, Load base: 0x08004904, Size: 0x00004aa0, Max: 0x00005000, ABSOLUTE)

    Exec Addr    Load Addr    Size         Type   Attr      Idx    E Section Name        Object

    0x20000000   0x08004904   0x00000014   Data   RW         1805    .data               stm32f10x_rcc.o
    0x20000014   0x08004918   0x00000020   Data   RW         3652    .data               freertos_demo.o
    0x20000034   0x08004938   0x00000004   Data   RW         3729    .data               usart.o
    0x20000038   0x0800493c   0x0000000e   Data   RW         3888    .data               define_list.o
    0x20000046   0x0800494a   0x00000002   PAD
    0x20000048   0x0800494c   0x0000001c   Data   RW         3981    .data               heap_4.o
    0x20000064   0x08004968   0x00000004   Data   RW         4066    .data               port.o
    0x20000068   0x0800496c   0x00000040   Data   RW         4512    .data               tasks.o
    0x200000a8   0x080049ac   0x00000004   Data   RW         5114    .data               mc_w.l(stdout.o)
    0x200000ac        -       0x000000c8   Zero   RW         3728    .bss                usart.o
    0x20000174        -       0x00000064   Zero   RW         3887    .bss                define_list.o
    0x200001d8        -       0x00004400   Zero   RW         3980    .bss                heap_4.o
    0x200045d8        -       0x000000c8   Zero   RW         4511    .bss                tasks.o
    0x200046a0        -       0x00000400   Zero   RW            1    STACK               startup_stm32f10x_md.o


==============================================================================

Image component sizes


      Code (inc. data)   RO Data    RW Data    ZI Data      Debug   Object Name

         0          0          0          0          0       4524   core_cm3.o
         0          0          0         14        100        963   define_list.o
         0          0          0          0          0      12916   event_groups.o
      1616        612         66         32          0       3127   freertos_demo.o
       548         56          0         28      17408       7363   heap_4.o
         0          0          0          0          0       8560   key.o
        52          6          0          0          0        459   led.o
       148          0          0          0          0       3050   list.o
        34          0          0          0          0        443   main.o
       132         22          0          0          0     204723   misc.o
       578         16          0          0          0       4472   oled.o
       404         48          0          4          0       8716   port.o
      1866         18          0          0          0      16593   queue.o
        36          8        236          0       1024        800   startup_stm32f10x_md.o
       506         26          0          0          0      14611   stm32f10x_dma.o
       292          0          0          0          0      11203   stm32f10x_gpio.o
        20          0          0          0          0       2457   stm32f10x_it.o
       308         38          0         20          0      13450   stm32f10x_rcc.o
       824         92          0          0          0      27503   stm32f10x_tim.o
       490          6          0          0          0      12942   stm32f10x_usart.o
       328         28          0          0          0      18825   system_stm32f10x.o
      3508        394          0         64        200      36219   tasks.o
       512         54          0          0          0     268213   timer.o
      1148        132          0          0          0       4631   timer_action.o
       684        108          0          4        200       6024   usart.o

    ----------------------------------------------------------------------
     14056       1664        336        168      18932     692787   Object Totals
         0          0         32          0          0          0   (incl. Generated)
        22          0          2          2          0          0   (incl. Padding)

    ----------------------------------------------------------------------

      Code (inc. data)   RO Data    RW Data    ZI Data      Debug   Library Member Name

         0          0          0          0          0          0   entry.o
         0          0          0          0          0          0   entry10a.o
         0          0          0          0          0          0   entry11a.o
         4          0          0          0          0          0   entry12b.o
         8          4          0          0          0          0   entry2.o
         4          0          0          0          0          0   entry5.o
         0          0          0          0          0          0   entry7b.o
         0          0          0          0          0          0   entry8b.o
         8          4          0          0          0          0   entry9a.o
        30          0          0          0          0          0   handlers.o
        36          8          0          0          0         68   init.o
         0          0          0          0          0          0   iusefp.o
        30          0          0          0          0         68   llshl.o
        36          0          0          0          0         68   llsshr.o
        32          0          0          0          0         68   llushr.o
        36          0          0          0          0         68   memcpya.o
        36          0          0          0          0        108   memseta.o
      2264         96          0          0          0        612   printfa.o
         0          0          0          4          0          0   stdout.o
        14          0          0          0          0         68   strlen.o
        44          0          0          0          0         80   uidiv.o
        98          0          0          0          0         92   uldiv.o
        48          0          0          0          0         68   cdrcmple.o
       334          0          0          0          0        148   dadd.o
       222          0          0          0          0        100   ddiv.o
       186          0          0          0          0        176   depilogue.o
        48          0          0          0          0         68   dfixul.o
       228          0          0          0          0         96   dmul.o
       176          0          0          0          0        140   fadd.o
       124          0          0          0          0         88   fdiv.o
       110          0          0          0          0        168   fepilogue.o
        40          0          0          0          0         68   ffixui.o
       100          0          0          0          0         76   fmul.o

    ----------------------------------------------------------------------
      4300        112          0          4          0       2496   Library Totals
         4          0          0          0          0          0   (incl. Padding)

    ----------------------------------------------------------------------

      Code (inc. data)   RO Data    RW Data    ZI Data      Debug   Library Name

      2680        112          0          4          0       1300   mc_w.l
      1616          0          0          0          0       1196   mf_w.l

    ----------------------------------------------------------------------
      4300        112          0          4          0       2496   Library Totals

    ----------------------------------------------------------------------

==============================================================================


      Code (inc. data)   RO Data    RW Data    ZI Data      Debug   

     18356       1776        336        172      18932     686803   Grand Totals
     18356       1776        336        172      18932     686803   ELF Image Totals
     18356       1776        336        172          0          0   ROM Totals

==============================================================================

    Total RO  Size (Code + RO Data)                18692 (  18.25kB)
    Total RW  Size (RW Data + ZI Data)             19104 (  18.66kB)
    Total ROM Size (Code + RO Data + RW Data)      18864 (  18.42kB)

==============================================================================

